Archive member included because of file (symbol)

D:/MinGW/msys/1.0/home/wireb/pic32-tools/bin/../lib/gcc/pic32mx/4.5.2/../../../../pic32mx/lib\libpic32.a(general-exception.o)
                              D:/MinGW/msys/1.0/home/wireb/pic32-tools/bin/../lib/gcc/pic32mx/4.5.2/../../../../pic32mx/lib/./proc/32MX150F128B/crt0_mips32r2.o (_general_exception_context)
D:/MinGW/msys/1.0/home/wireb/pic32-tools/bin/../lib/gcc/pic32mx/4.5.2/../../../../pic32mx/lib\libpic32.a(default-general-exception-handler.o)
                              D:/MinGW/msys/1.0/home/wireb/pic32-tools/bin/../lib/gcc/pic32mx/4.5.2/../../../../pic32mx/lib\libpic32.a(general-exception.o) (_general_exception_handler)
D:/MinGW/msys/1.0/home/wireb/pic32-tools/bin/../lib/gcc/pic32mx/4.5.2/../../../../pic32mx/lib\libpic32.a(default-bootstrap-exception-handler.o)
                              D:/MinGW/msys/1.0/home/wireb/pic32-tools/bin/../lib/gcc/pic32mx/4.5.2/../../../../pic32mx/lib/./proc/32MX150F128B/crt0_mips32r2.o (_bootstrap_exception_handler)
D:/MinGW/msys/1.0/home/wireb/pic32-tools/bin/../lib/gcc/pic32mx/4.5.2/../../../../pic32mx/lib\libpic32.a(default-on-reset.o)
                              D:/MinGW/msys/1.0/home/wireb/pic32-tools/bin/../lib/gcc/pic32mx/4.5.2/../../../../pic32mx/lib/./proc/32MX150F128B/crt0_mips32r2.o (_on_reset)
D:/MinGW/msys/1.0/home/wireb/pic32-tools/bin/../lib/gcc/pic32mx/4.5.2/../../../../pic32mx/lib\libpic32.a(default-on-bootstrap.o)
                              D:/MinGW/msys/1.0/home/wireb/pic32-tools/bin/../lib/gcc/pic32mx/4.5.2/../../../../pic32mx/lib/./proc/32MX150F128B/crt0_mips32r2.o (_on_bootstrap)
D:/MinGW/msys/1.0/home/wireb/pic32-tools/bin/../lib/gcc/pic32mx/4.5.2/../../../../pic32mx/lib\libpic32.a(default-nmi-handler.o)
                              D:/MinGW/msys/1.0/home/wireb/pic32-tools/bin/../lib/gcc/pic32mx/4.5.2/../../../../pic32mx/lib/./proc/32MX150F128B/crt0_mips32r2.o (_nmi_handler)
D:/MinGW/msys/1.0/home/wireb/pic32-tools/bin/../lib/gcc/pic32mx/4.5.2/../../../../pic32mx/lib\libpic32.a(pic32_software_reset.o)
                              D:/MinGW/msys/1.0/home/wireb/pic32-tools/bin/../lib/gcc/pic32mx/4.5.2/../../../../pic32mx/lib\libpic32.a(default-general-exception-handler.o) (__pic32_software_reset)
D:/MinGW/msys/1.0/home/wireb/pic32-tools/bin/../lib/gcc/pic32mx/4.5.2/../../../../pic32mx/lib\libpic32.a(vector1.o)
                              D:/MinGW/msys/1.0/home/wireb/pic32-tools/bin/../lib/gcc/pic32mx/4.5.2/../../../../pic32mx/lib/./proc/32MX150F128B\default_isr_vectors.o (__vector_dispatch_1)
D:/MinGW/msys/1.0/home/wireb/pic32-tools/bin/../lib/gcc/pic32mx/4.5.2/../../../../pic32mx/lib\libpic32.a(vector2.o)
                              D:/MinGW/msys/1.0/home/wireb/pic32-tools/bin/../lib/gcc/pic32mx/4.5.2/../../../../pic32mx/lib/./proc/32MX150F128B\default_isr_vectors.o (__vector_dispatch_2)
D:/MinGW/msys/1.0/home/wireb/pic32-tools/bin/../lib/gcc/pic32mx/4.5.2/../../../../pic32mx/lib\libpic32.a(vector3.o)
                              D:/MinGW/msys/1.0/home/wireb/pic32-tools/bin/../lib/gcc/pic32mx/4.5.2/../../../../pic32mx/lib/./proc/32MX150F128B\default_isr_vectors.o (__vector_dispatch_3)
D:/MinGW/msys/1.0/home/wireb/pic32-tools/bin/../lib/gcc/pic32mx/4.5.2/../../../../pic32mx/lib\libpic32.a(vector4.o)
                              D:/MinGW/msys/1.0/home/wireb/pic32-tools/bin/../lib/gcc/pic32mx/4.5.2/../../../../pic32mx/lib/./proc/32MX150F128B\default_isr_vectors.o (__vector_dispatch_4)
D:/MinGW/msys/1.0/home/wireb/pic32-tools/bin/../lib/gcc/pic32mx/4.5.2/../../../../pic32mx/lib\libpic32.a(vector5.o)
                              D:/MinGW/msys/1.0/home/wireb/pic32-tools/bin/../lib/gcc/pic32mx/4.5.2/../../../../pic32mx/lib/./proc/32MX150F128B\default_isr_vectors.o (__vector_dispatch_5)
D:/MinGW/msys/1.0/home/wireb/pic32-tools/bin/../lib/gcc/pic32mx/4.5.2/../../../../pic32mx/lib\libpic32.a(vector6.o)
                              D:/MinGW/msys/1.0/home/wireb/pic32-tools/bin/../lib/gcc/pic32mx/4.5.2/../../../../pic32mx/lib/./proc/32MX150F128B\default_isr_vectors.o (__vector_dispatch_6)
D:/MinGW/msys/1.0/home/wireb/pic32-tools/bin/../lib/gcc/pic32mx/4.5.2/../../../../pic32mx/lib\libpic32.a(vector7.o)
                              D:/MinGW/msys/1.0/home/wireb/pic32-tools/bin/../lib/gcc/pic32mx/4.5.2/../../../../pic32mx/lib/./proc/32MX150F128B\default_isr_vectors.o (__vector_dispatch_7)
D:/MinGW/msys/1.0/home/wireb/pic32-tools/bin/../lib/gcc/pic32mx/4.5.2/../../../../pic32mx/lib\libpic32.a(vector8.o)
                              D:/MinGW/msys/1.0/home/wireb/pic32-tools/bin/../lib/gcc/pic32mx/4.5.2/../../../../pic32mx/lib/./proc/32MX150F128B\default_isr_vectors.o (__vector_dispatch_8)
D:/MinGW/msys/1.0/home/wireb/pic32-tools/bin/../lib/gcc/pic32mx/4.5.2/../../../../pic32mx/lib\libpic32.a(vector9.o)
                              D:/MinGW/msys/1.0/home/wireb/pic32-tools/bin/../lib/gcc/pic32mx/4.5.2/../../../../pic32mx/lib/./proc/32MX150F128B\default_isr_vectors.o (__vector_dispatch_9)
[...]
Memory Configuration

Name             Origin             Length             Attributes
kseg0_program_mem 0x9d000000         0x0001f000         xr
kseg0_boot_mem   0x9fc00490         0x00000000
exception_mem    0x9d01f000         0x00001000
kseg1_boot_mem   0xbfc00000         0x00000490
debug_exec_mem   0xbfc02000         0x00000ff0
config3          0xbfc00bf0         0x00000004
config2          0xbfc00bf4         0x00000004
config1          0xbfc00bf8         0x00000004
config0          0xbfc00bfc         0x00000004
kseg1_data_mem   0xa0000000         0x00008000         w !x
sfrs             0xbf800000         0x00100000
configsfrs       0xbfc02ff0         0x00000010
*default*        0x00000000         0xffffffff

Linker script and memory map

LOAD D:/MinGW/msys/1.0/home/wireb/pic32-tools/bin/../lib/gcc/pic32mx/4.5.2/../../../../pic32mx/lib/./proc/32MX150F128B/crt0_mips32r2.o
LOAD D:/MinGW/msys/1.0/home/wireb/pic32-tools/bin/../lib/gcc/pic32mx/4.5.2/../../../../pic32mx/lib\libc.a
LOAD D:/MinGW/msys/1.0/home/wireb/pic32-tools/bin/../lib/gcc/pic32mx/4.5.2/../../../../pic32mx/lib\libm.a
LOAD main.o
LOAD stepgen.o
LOAD D:/MinGW/msys/1.0/home/wireb/pic32-tools/bin/../lib/gcc/pic32mx/4.5.2/../../../../pic32mx/lib/./proc/32MX150F128B\default_isr_vectors.o
                0x00000800                PROVIDE (_min_stack_size, 0x800)
                0x00000800                PROVIDE (_min_heap_size, 0x800)
LOAD D:/MinGW/msys/1.0/home/wireb/pic32-tools/bin/../lib/gcc/pic32mx/4.5.2/../../../../pic32mx/lib/./proc/32MX150F128B\processor.o
                0x00000001                PROVIDE (_vector_spacing, 0x1)
                0x9d01f000                _ebase_address = 0x9d01f000
                0xbfc00000                _RESET_ADDR = 0xbfc00000
                0xbfc00380                _BEV_EXCPT_ADDR = 0xbfc00380
                0xbfc00480                _DBG_EXCPT_ADDR = 0xbfc00480
                0xbfc02000                _DBG_CODE_ADDR = 0xbfc02000
                0x9d01f180                _GEN_EXCPT_ADDR = (_ebase_address + 0x180)

.config_BFC00BF0
                0xbfc00bf0        0x4
 *(.config_BFC00BF0)
 .config_BFC00BF0
                0xbfc00bf0        0x4 main.o

.config_BFC00BF4
                0xbfc00bf4        0x4
 *(.config_BFC00BF4)
 .config_BFC00BF4
                0xbfc00bf4        0x4 main.o

.config_BFC00BF8
                0xbfc00bf8        0x4
 *(.config_BFC00BF8)
 .config_BFC00BF8
                0xbfc00bf8        0x4 main.o

.config_BFC00BFC
                0xbfc00bfc        0x4
 *(.config_BFC00BFC)
 .config_BFC00BFC
                0xbfc00bfc        0x4 main.o

.reset          0xbfc00000       0x10
 *(.reset)
 .reset         0xbfc00000       0x10 D:/MinGW/msys/1.0/home/wireb/pic32-tools/bin/../lib/gcc/pic32mx/4.5.2/../../../../pic32mx/lib/./proc/32MX150F128B/crt0_mips32r2.o
                0xbfc00000                _reset

.bev_excpt      0xbfc00380       0x10
 *(.bev_handler)
 .bev_handler   0xbfc00380       0x10 D:/MinGW/msys/1.0/home/wireb/pic32-tools/bin/../lib/gcc/pic32mx/4.5.2/../../../../pic32mx/lib/./proc/32MX150F128B/crt0_mips32r2.o

.dbg_excpt      0xbfc00480        0x0
                0xbfc00480                . = (. + DEFINED (_DEBUGGER)?0x8:0x0)

.dbg_code       0xbfc02000        0x0
                0xbfc02000                . = (. + DEFINED (_DEBUGGER)?0xff0:0x0)

.app_excpt      0x9d01f180       0x10
 *(.gen_handler)
 .gen_handler   0x9d01f180       0x10 D:/MinGW/msys/1.0/home/wireb/pic32-tools/bin/../lib/gcc/pic32mx/4.5.2/../../../../pic32mx/lib/./proc/32MX150F128B/crt0_mips32r2.o

.vector_0       0x9d01f200        0x8
 *(.vector_0)
 .vector_0      0x9d01f200        0x8 main.o
                0x9d01f200                __vector_dispatch_0
                0x00000001                ASSERT (((_vector_spacing == 0x0) || (SIZEOF (.vector_0) <= (_vector_spacing << 0x5))), function at exception vector 0 too large)

.vector_1       0x9d01f220        0x8
 *(.vector_1)
 .vector_1      0x9d01f220        0x8 D:/MinGW/msys/1.0/home/wireb/pic32-tools/bin/../lib/gcc/pic32mx/4.5.2/../../../../pic32mx/lib\libpic32.a(vector1.o)
                0x9d01f220                __vector_dispatch_1
                0x00000001                ASSERT (((_vector_spacing == 0x0) || (SIZEOF (.vector_1) <= (_vector_spacing << 0x5))), function at exception vector 1 too large)

.vector_2       0x9d01f240        0x8
 *(.vector_2)
 .vector_2      0x9d01f240        0x8 D:/MinGW/msys/1.0/home/wireb/pic32-tools/bin/../lib/gcc/pic32mx/4.5.2/../../../../pic32mx/lib\libpic32.a(vector2.o)
                0x9d01f240                __vector_dispatch_2
                0x00000001                ASSERT (((_vector_spacing == 0x0) || (SIZEOF (.vector_2) <= (_vector_spacing << 0x5))), function at exception vector 2 too large)

.vector_3       0x9d01f260        0x8
 *(.vector_3)
 .vector_3      0x9d01f260        0x8 D:/MinGW/msys/1.0/home/wireb/pic32-tools/bin/../lib/gcc/pic32mx/4.5.2/../../../../pic32mx/lib\libpic32.a(vector3.o)
                0x9d01f260                __vector_dispatch_3
                0x00000001                ASSERT (((_vector_spacing == 0x0) || (SIZEOF (.vector_3) <= (_vector_spacing << 0x5))), function at exception vector 3 too large)

.vector_4       0x9d01f280        0x8
 *(.vector_4)
 .vector_4      0x9d01f280        0x8 D:/MinGW/msys/1.0/home/wireb/pic32-tools/bin/../lib/gcc/pic32mx/4.5.2/../../../../pic32mx/lib\libpic32.a(vector4.o)
                0x9d01f280                __vector_dispatch_4
                0x00000001                ASSERT (((_vector_spacing == 0x0) || (SIZEOF (.vector_4) <= (_vector_spacing << 0x5))), function at exception vector 4 too large)

.vector_5       0x9d01f2a0        0x8
 *(.vector_5)
 .vector_5      0x9d01f2a0        0x8 D:/MinGW/msys/1.0/home/wireb/pic32-tools/bin/../lib/gcc/pic32mx/4.5.2/../../../../pic32mx/lib\libpic32.a(vector5.o)
                0x9d01f2a0                __vector_dispatch_5
                0x00000001                ASSERT (((_vector_spacing == 0x0) || (SIZEOF (.vector_5) <= (_vector_spacing << 0x5))), function at exception vector 5 too large)

.vector_6       0x9d01f2c0        0x8
 *(.vector_6)
 .vector_6      0x9d01f2c0        0x8 D:/MinGW/msys/1.0/home/wireb/pic32-tools/bin/../lib/gcc/pic32mx/4.5.2/../../../../pic32mx/lib\libpic32.a(vector6.o)
                0x9d01f2c0                __vector_dispatch_6
                0x00000001                ASSERT (((_vector_spacing == 0x0) || (SIZEOF (.vector_6) <= (_vector_spacing << 0x5))), function at exception vector 6 too large)

.vector_7       0x9d01f2e0        0x8
 *(.vector_7)
 .vector_7      0x9d01f2e0        0x8 D:/MinGW/msys/1.0/home/wireb/pic32-tools/bin/../lib/gcc/pic32mx/4.5.2/../../../../pic32mx/lib\libpic32.a(vector7.o)
                0x9d01f2e0                __vector_dispatch_7
                0x00000001                ASSERT (((_vector_spacing == 0x0) || (SIZEOF (.vector_7) <= (_vector_spacing << 0x5))), function at exception vector 7 too large)

.vector_8       0x9d01f300        0x8
 *(.vector_8)
 .vector_8      0x9d01f300        0x8 D:/MinGW/msys/1.0/home/wireb/pic32-tools/bin/../lib/gcc/pic32mx/4.5.2/../../../../pic32mx/lib\libpic32.a(vector8.o)
                0x9d01f300                __vector_dispatch_8
                0x00000001                ASSERT (((_vector_spacing == 0x0) || (SIZEOF (.vector_8) <= (_vector_spacing << 0x5))), function at exception vector 8 too large)

.vector_9       0x9d01f320        0x8
 *(.vector_9)
 .vector_9      0x9d01f320        0x8 D:/MinGW/msys/1.0/home/wireb/pic32-tools/bin/../lib/gcc/pic32mx/4.5.2/../../../../pic32mx/lib\libpic32.a(vector9.o)
                0x9d01f320                __vector_dispatch_9
                0x00000001                ASSERT (((_vector_spacing == 0x0) || (SIZEOF (.vector_9) <= (_vector_spacing << 0x5))), function at exception vector 9 too large)

.vector_10      0x9d01f340        0x8
 *(.vector_10)
 .vector_10     0x9d01f340        0x8 D:/MinGW/msys/1.0/home/wireb/pic32-tools/bin/../lib/gcc/pic32mx/4.5.2/../../../../pic32mx/lib\libpic32.a(vector10.o)
                0x9d01f340                __vector_dispatch_10
                0x00000001                ASSERT (((_vector_spacing == 0x0) || (SIZEOF (.vector_10) <= (_vector_spacing << 0x5))), function at exception vector 10 too large)

.vector_11      0x9d01f360        0x8
 *(.vector_11)
 .vector_11     0x9d01f360        0x8 D:/MinGW/msys/1.0/home/wireb/pic32-tools/bin/../lib/gcc/pic32mx/4.5.2/../../../../pic32mx/lib\libpic32.a(vector11.o)
                0x9d01f360                __vector_dispatch_11
                0x00000001                ASSERT (((_vector_spacing == 0x0) || (SIZEOF (.vector_11) <= (_vector_spacing << 0x5))), function at exception vector 11 too large)

.vector_12      0x9d01f380        0x8
 *(.vector_12)
 .vector_12     0x9d01f380        0x8 D:/MinGW/msys/1.0/home/wireb/pic32-tools/bin/../lib/gcc/pic32mx/4.5.2/../../../../pic32mx/lib\libpic32.a(vector12.o)
                0x9d01f380                __vector_dispatch_12
                0x00000001                ASSERT (((_vector_spacing == 0x0) || (SIZEOF (.vector_12) <= (_vector_spacing << 0x5))), function at exception vector 12 too large)

.vector_13      0x9d01f3a0        0x8
 *(.vector_13)
 .vector_13     0x9d01f3a0        0x8 D:/MinGW/msys/1.0/home/wireb/pic32-tools/bin/../lib/gcc/pic32mx/4.5.2/../../../../pic32mx/lib\libpic32.a(vector13.o)
                0x9d01f3a0                __vector_dispatch_13
                0x00000001                ASSERT (((_vector_spacing == 0x0) || (SIZEOF (.vector_13) <= (_vector_spacing << 0x5))), function at exception vector 13 too large)

.vector_14      0x9d01f3c0        0x8
 *(.vector_14)
 .vector_14     0x9d01f3c0        0x8 D:/MinGW/msys/1.0/home/wireb/pic32-tools/bin/../lib/gcc/pic32mx/4.5.2/../../../../pic32mx/lib\libpic32.a(vector14.o)
                0x9d01f3c0                __vector_dispatch_14
                0x00000001                ASSERT (((_vector_spacing == 0x0) || (SIZEOF (.vector_14) <= (_vector_spacing << 0x5))), function at exception vector 14 too large)

.vector_15      0x9d01f3e0        0x8
 *(.vector_15)
 .vector_15     0x9d01f3e0        0x8 D:/MinGW/msys/1.0/home/wireb/pic32-tools/bin/../lib/gcc/pic32mx/4.5.2/../../../../pic32mx/lib\libpic32.a(vector15.o)
                0x9d01f3e0                __vector_dispatch_15
                0x00000001                ASSERT (((_vector_spacing == 0x0) || (SIZEOF (.vector_15) <= (_vector_spacing << 0x5))), function at exception vector 15 too large)

.vector_16      0x9d01f400        0x8
 *(.vector_16)
 .vector_16     0x9d01f400        0x8 D:/MinGW/msys/1.0/home/wireb/pic32-tools/bin/../lib/gcc/pic32mx/4.5.2/../../../../pic32mx/lib\libpic32.a(vector16.o)
                0x9d01f400                __vector_dispatch_16
                0x00000001                ASSERT (((_vector_spacing == 0x0) || (SIZEOF (.vector_16) <= (_vector_spacing << 0x5))), function at exception vector 16 too large)

.vector_17      0x9d01f420        0x8
 *(.vector_17)
 .vector_17     0x9d01f420        0x8 D:/MinGW/msys/1.0/home/wireb/pic32-tools/bin/../lib/gcc/pic32mx/4.5.2/../../../../pic32mx/lib\libpic32.a(vector17.o)
                0x9d01f420                __vector_dispatch_17
                0x00000001                ASSERT (((_vector_spacing == 0x0) || (SIZEOF (.vector_17) <= (_vector_spacing << 0x5))), function at exception vector 17 too large)

.vector_18      0x9d01f440        0x8
 *(.vector_18)
 .vector_18     0x9d01f440        0x8 D:/MinGW/msys/1.0/home/wireb/pic32-tools/bin/../lib/gcc/pic32mx/4.5.2/../../../../pic32mx/lib\libpic32.a(vector18.o)
                0x9d01f440                __vector_dispatch_18
                0x00000001                ASSERT (((_vector_spacing == 0x0) || (SIZEOF (.vector_18) <= (_vector_spacing << 0x5))), function at exception vector 18 too large)

.vector_19      0x9d01f460        0x8
 *(.vector_19)
 .vector_19     0x9d01f460        0x8 D:/MinGW/msys/1.0/home/wireb/pic32-tools/bin/../lib/gcc/pic32mx/4.5.2/../../../../pic32mx/lib\libpic32.a(vector19.o)
                0x9d01f460                __vector_dispatch_19
                0x00000001                ASSERT (((_vector_spacing == 0x0) || (SIZEOF (.vector_19) <= (_vector_spacing << 0x5))), function at exception vector 19 too large)

.vector_20      0x9d01f480        0x8
 *(.vector_20)
 .vector_20     0x9d01f480        0x8 D:/MinGW/msys/1.0/home/wireb/pic32-tools/bin/../lib/gcc/pic32mx/4.5.2/../../../../pic32mx/lib\libpic32.a(vector20.o)
                0x9d01f480                __vector_dispatch_20
                0x00000001                ASSERT (((_vector_spacing == 0x0) || (SIZEOF (.vector_20) <= (_vector_spacing << 0x5))), function at exception vector 20 too large)

.vector_21      0x9d01f4a0        0x8
 *(.vector_21)
 .vector_21     0x9d01f4a0        0x8 D:/MinGW/msys/1.0/home/wireb/pic32-tools/bin/../lib/gcc/pic32mx/4.5.2/../../../../pic32mx/lib\libpic32.a(vector21.o)
                0x9d01f4a0                __vector_dispatch_21
                0x00000001                ASSERT (((_vector_spacing == 0x0) || (SIZEOF (.vector_21) <= (_vector_spacing << 0x5))), function at exception vector 21 too large)

.vector_22      0x9d01f4c0        0x8
 *(.vector_22)
 .vector_22     0x9d01f4c0        0x8 D:/MinGW/msys/1.0/home/wireb/pic32-tools/bin/../lib/gcc/pic32mx/4.5.2/../../../../pic32mx/lib\libpic32.a(vector22.o)
                0x9d01f4c0                __vector_dispatch_22
                0x00000001                ASSERT (((_vector_spacing == 0x0) || (SIZEOF (.vector_22) <= (_vector_spacing << 0x5))), function at exception vector 22 too large)

.vector_23      0x9d01f4e0        0x8
 *(.vector_23)
 .vector_23     0x9d01f4e0        0x8 D:/MinGW/msys/1.0/home/wireb/pic32-tools/bin/../lib/gcc/pic32mx/4.5.2/../../../../pic32mx/lib\libpic32.a(vector23.o)
                0x9d01f4e0                __vector_dispatch_23
                0x00000001                ASSERT (((_vector_spacing == 0x0) || (SIZEOF (.vector_23) <= (_vector_spacing << 0x5))), function at exception vector 23 too large)

.vector_24      0x9d01f500        0x8
 *(.vector_24)
 .vector_24     0x9d01f500        0x8 D:/MinGW/msys/1.0/home/wireb/pic32-tools/bin/../lib/gcc/pic32mx/4.5.2/../../../../pic32mx/lib\libpic32.a(vector24.o)
                0x9d01f500                __vector_dispatch_24
                0x00000001                ASSERT (((_vector_spacing == 0x0) || (SIZEOF (.vector_24) <= (_vector_spacing << 0x5))), function at exception vector 24 too large)

.vector_25      0x9d01f520        0x8
 *(.vector_25)
 .vector_25     0x9d01f520        0x8 D:/MinGW/msys/1.0/home/wireb/pic32-tools/bin/../lib/gcc/pic32mx/4.5.2/../../../../pic32mx/lib\libpic32.a(vector25.o)
                0x9d01f520                __vector_dispatch_25
                0x00000001                ASSERT (((_vector_spacing == 0x0) || (SIZEOF (.vector_25) <= (_vector_spacing << 0x5))), function at exception vector 25 too large)

.vector_26      0x9d01f540        0x8
 *(.vector_26)
 .vector_26     0x9d01f540        0x8 D:/MinGW/msys/1.0/home/wireb/pic32-tools/bin/../lib/gcc/pic32mx/4.5.2/../../../../pic32mx/lib\libpic32.a(vector26.o)
                0x9d01f540                __vector_dispatch_26
                0x00000001                ASSERT (((_vector_spacing == 0x0) || (SIZEOF (.vector_26) <= (_vector_spacing << 0x5))), function at exception vector 26 too large)

.vector_27      0x9d01f560        0x8
 *(.vector_27)
 .vector_27     0x9d01f560        0x8 D:/MinGW/msys/1.0/home/wireb/pic32-tools/bin/../lib/gcc/pic32mx/4.5.2/../../../../pic32mx/lib\libpic32.a(vector27.o)
                0x9d01f560                __vector_dispatch_27
                0x00000001                ASSERT (((_vector_spacing == 0x0) || (SIZEOF (.vector_27) <= (_vector_spacing << 0x5))), function at exception vector 27 too large)

.vector_28      0x9d01f580        0x8
 *(.vector_28)
 .vector_28     0x9d01f580        0x8 D:/MinGW/msys/1.0/home/wireb/pic32-tools/bin/../lib/gcc/pic32mx/4.5.2/../../../../pic32mx/lib\libpic32.a(vector28.o)
                0x9d01f580                __vector_dispatch_28
                0x00000001                ASSERT (((_vector_spacing == 0x0) || (SIZEOF (.vector_28) <= (_vector_spacing << 0x5))), function at exception vector 28 too large)

.vector_29      0x9d01f5a0        0x8
 *(.vector_29)
 .vector_29     0x9d01f5a0        0x8 D:/MinGW/msys/1.0/home/wireb/pic32-tools/bin/../lib/gcc/pic32mx/4.5.2/../../../../pic32mx/lib\libpic32.a(vector29.o)
                0x9d01f5a0                __vector_dispatch_29
                0x00000001                ASSERT (((_vector_spacing == 0x0) || (SIZEOF (.vector_29) <= (_vector_spacing << 0x5))), function at exception vector 29 too large)

.vector_30      0x9d01f5c0        0x8
 *(.vector_30)
 .vector_30     0x9d01f5c0        0x8 D:/MinGW/msys/1.0/home/wireb/pic32-tools/bin/../lib/gcc/pic32mx/4.5.2/../../../../pic32mx/lib\libpic32.a(vector30.o)
                0x9d01f5c0                __vector_dispatch_30
                0x00000001                ASSERT (((_vector_spacing == 0x0) || (SIZEOF (.vector_30) <= (_vector_spacing << 0x5))), function at exception vector 30 too large)

.vector_31      0x9d01f5e0        0x8
 *(.vector_31)
 .vector_31     0x9d01f5e0        0x8 D:/MinGW/msys/1.0/home/wireb/pic32-tools/bin/../lib/gcc/pic32mx/4.5.2/../../../../pic32mx/lib\libpic32.a(vector31.o)
                0x9d01f5e0                __vector_dispatch_31
                0x00000001                ASSERT (((_vector_spacing == 0x0) || (SIZEOF (.vector_31) <= (_vector_spacing << 0x5))), function at exception vector 31 too large)

.vector_32      0x9d01f600        0x8
 *(.vector_32)
 .vector_32     0x9d01f600        0x8 D:/MinGW/msys/1.0/home/wireb/pic32-tools/bin/../lib/gcc/pic32mx/4.5.2/../../../../pic32mx/lib\libpic32.a(vector32.o)
                0x9d01f600                __vector_dispatch_32
                0x00000001                ASSERT (((_vector_spacing == 0x0) || (SIZEOF (.vector_32) <= (_vector_spacing << 0x5))), function at exception vector 32 too large)

.vector_33      0x9d01f620        0x8
 *(.vector_33)
 .vector_33     0x9d01f620        0x8 D:/MinGW/msys/1.0/home/wireb/pic32-tools/bin/../lib/gcc/pic32mx/4.5.2/../../../../pic32mx/lib\libpic32.a(vector33.o)
                0x9d01f620                __vector_dispatch_33
                0x00000001                ASSERT (((_vector_spacing == 0x0) || (SIZEOF (.vector_33) <= (_vector_spacing << 0x5))), function at exception vector 33 too large)

.vector_34      0x9d01f640        0x8
 *(.vector_34)
 .vector_34     0x9d01f640        0x8 D:/MinGW/msys/1.0/home/wireb/pic32-tools/bin/../lib/gcc/pic32mx/4.5.2/../../../../pic32mx/lib\libpic32.a(vector34.o)
                0x9d01f640                __vector_dispatch_34
                0x00000001                ASSERT (((_vector_spacing == 0x0) || (SIZEOF (.vector_34) <= (_vector_spacing << 0x5))), function at exception vector 34 too large)

.vector_35      0x9d01f660        0x8
 *(.vector_35)
 .vector_35     0x9d01f660        0x8 D:/MinGW/msys/1.0/home/wireb/pic32-tools/bin/../lib/gcc/pic32mx/4.5.2/../../../../pic32mx/lib\libpic32.a(vector35.o)
                0x9d01f660                __vector_dispatch_35
                0x00000001                ASSERT (((_vector_spacing == 0x0) || (SIZEOF (.vector_35) <= (_vector_spacing << 0x5))), function at exception vector 35 too large)

.vector_36      0x9d01f680        0x8
 *(.vector_36)
 .vector_36     0x9d01f680        0x8 D:/MinGW/msys/1.0/home/wireb/pic32-tools/bin/../lib/gcc/pic32mx/4.5.2/../../../../pic32mx/lib\libpic32.a(vector36.o)
                0x9d01f680                __vector_dispatch_36
                0x00000001                ASSERT (((_vector_spacing == 0x0) || (SIZEOF (.vector_36) <= (_vector_spacing << 0x5))), function at exception vector 36 too large)

.vector_37      0x9d01f6a0        0x8
 *(.vector_37)
 .vector_37     0x9d01f6a0        0x8 D:/MinGW/msys/1.0/home/wireb/pic32-tools/bin/../lib/gcc/pic32mx/4.5.2/../../../../pic32mx/lib\libpic32.a(vector37.o)
                0x9d01f6a0                __vector_dispatch_37
                0x00000001                ASSERT (((_vector_spacing == 0x0) || (SIZEOF (.vector_37) <= (_vector_spacing << 0x5))), function at exception vector 37 too large)

.vector_38      0x9d01f6c0        0x8
 *(.vector_38)
 .vector_38     0x9d01f6c0        0x8 D:/MinGW/msys/1.0/home/wireb/pic32-tools/bin/../lib/gcc/pic32mx/4.5.2/../../../../pic32mx/lib\libpic32.a(vector38.o)
                0x9d01f6c0                __vector_dispatch_38
                0x00000001                ASSERT (((_vector_spacing == 0x0) || (SIZEOF (.vector_38) <= (_vector_spacing << 0x5))), function at exception vector 38 too large)

.vector_39      0x9d01f6e0        0x8
 *(.vector_39)
 .vector_39     0x9d01f6e0        0x8 D:/MinGW/msys/1.0/home/wireb/pic32-tools/bin/../lib/gcc/pic32mx/4.5.2/../../../../pic32mx/lib\libpic32.a(vector39.o)
                0x9d01f6e0                __vector_dispatch_39
                0x00000001                ASSERT (((_vector_spacing == 0x0) || (SIZEOF (.vector_39) <= (_vector_spacing << 0x5))), function at exception vector 39 too large)

.vector_40      0x9d01f700        0x8
 *(.vector_40)
 .vector_40     0x9d01f700        0x8 D:/MinGW/msys/1.0/home/wireb/pic32-tools/bin/../lib/gcc/pic32mx/4.5.2/../../../../pic32mx/lib\libpic32.a(vector40.o)
                0x9d01f700                __vector_dispatch_40
                0x00000001                ASSERT (((_vector_spacing == 0x0) || (SIZEOF (.vector_40) <= (_vector_spacing << 0x5))), function at exception vector 40 too large)

.vector_41      0x9d01f720        0x8
 *(.vector_41)
 .vector_41     0x9d01f720        0x8 D:/MinGW/msys/1.0/home/wireb/pic32-tools/bin/../lib/gcc/pic32mx/4.5.2/../../../../pic32mx/lib\libpic32.a(vector41.o)
                0x9d01f720                __vector_dispatch_41
                0x00000001                ASSERT (((_vector_spacing == 0x0) || (SIZEOF (.vector_41) <= (_vector_spacing << 0x5))), function at exception vector 41 too large)

.vector_42      0x9d01f740        0x8
 *(.vector_42)
 .vector_42     0x9d01f740        0x8 D:/MinGW/msys/1.0/home/wireb/pic32-tools/bin/../lib/gcc/pic32mx/4.5.2/../../../../pic32mx/lib\libpic32.a(vector42.o)
                0x9d01f740                __vector_dispatch_42
                0x00000001                ASSERT (((_vector_spacing == 0x0) || (SIZEOF (.vector_42) <= (_vector_spacing << 0x5))), function at exception vector 42 too large)

.vector_43      0x9d01f760        0x8
 *(.vector_43)
 .vector_43     0x9d01f760        0x8 D:/MinGW/msys/1.0/home/wireb/pic32-tools/bin/../lib/gcc/pic32mx/4.5.2/../../../../pic32mx/lib\libpic32.a(vector43.o)
                0x9d01f760                __vector_dispatch_43
                0x00000001                ASSERT (((_vector_spacing == 0x0) || (SIZEOF (.vector_43) <= (_vector_spacing << 0x5))), function at exception vector 43 too large)

.vector_44      0x9d01f780        0x8
 *(.vector_44)
 .vector_44     0x9d01f780        0x8 D:/MinGW/msys/1.0/home/wireb/pic32-tools/bin/../lib/gcc/pic32mx/4.5.2/../../../../pic32mx/lib\libpic32.a(vector44.o)
                0x9d01f780                __vector_dispatch_44
                0x00000001                ASSERT (((_vector_spacing == 0x0) || (SIZEOF (.vector_44) <= (_vector_spacing << 0x5))), function at exception vector 44 too large)

.vector_45      0x9d01f7a0        0x8
 *(.vector_45)
 .vector_45     0x9d01f7a0        0x8 D:/MinGW/msys/1.0/home/wireb/pic32-tools/bin/../lib/gcc/pic32mx/4.5.2/../../../../pic32mx/lib\libpic32.a(vector45.o)
                0x9d01f7a0                __vector_dispatch_45
                0x00000001                ASSERT (((_vector_spacing == 0x0) || (SIZEOF (.vector_45) <= (_vector_spacing << 0x5))), function at exception vector 45 too large)

.vector_46      0x9d01f7c0        0x8
 *(.vector_46)
 .vector_46     0x9d01f7c0        0x8 D:/MinGW/msys/1.0/home/wireb/pic32-tools/bin/../lib/gcc/pic32mx/4.5.2/../../../../pic32mx/lib\libpic32.a(vector46.o)
                0x9d01f7c0                __vector_dispatch_46
                0x00000001                ASSERT (((_vector_spacing == 0x0) || (SIZEOF (.vector_46) <= (_vector_spacing << 0x5))), function at exception vector 46 too large)

.vector_47      0x9d01f7e0        0x8
 *(.vector_47)
 .vector_47     0x9d01f7e0        0x8 D:/MinGW/msys/1.0/home/wireb/pic32-tools/bin/../lib/gcc/pic32mx/4.5.2/../../../../pic32mx/lib\libpic32.a(vector47.o)
                0x9d01f7e0                __vector_dispatch_47
                0x00000001                ASSERT (((_vector_spacing == 0x0) || (SIZEOF (.vector_47) <= (_vector_spacing << 0x5))), function at exception vector 47 too large)

.vector_48      0x9d01f800        0x8
 *(.vector_48)
 .vector_48     0x9d01f800        0x8 D:/MinGW/msys/1.0/home/wireb/pic32-tools/bin/../lib/gcc/pic32mx/4.5.2/../../../../pic32mx/lib\libpic32.a(vector48.o)
                0x9d01f800                __vector_dispatch_48
                0x00000001                ASSERT (((_vector_spacing == 0x0) || (SIZEOF (.vector_48) <= (_vector_spacing << 0x5))), function at exception vector 48 too large)

.vector_49      0x9d01f820        0x8
 *(.vector_49)
 .vector_49     0x9d01f820        0x8 D:/MinGW/msys/1.0/home/wireb/pic32-tools/bin/../lib/gcc/pic32mx/4.5.2/../../../../pic32mx/lib\libpic32.a(vector49.o)
                0x9d01f820                __vector_dispatch_49
                0x00000001                ASSERT (((_vector_spacing == 0x0) || (SIZEOF (.vector_49) <= (_vector_spacing << 0x5))), function at exception vector 49 too large)

.vector_50      0x9d01f840        0x8
 *(.vector_50)
 .vector_50     0x9d01f840        0x8 D:/MinGW/msys/1.0/home/wireb/pic32-tools/bin/../lib/gcc/pic32mx/4.5.2/../../../../pic32mx/lib\libpic32.a(vector50.o)
                0x9d01f840                __vector_dispatch_50
                0x00000001                ASSERT (((_vector_spacing == 0x0) || (SIZEOF (.vector_50) <= (_vector_spacing << 0x5))), function at exception vector 50 too large)

.vector_51      0x9d01f860        0x8
 *(.vector_51)
 .vector_51     0x9d01f860        0x8 D:/MinGW/msys/1.0/home/wireb/pic32-tools/bin/../lib/gcc/pic32mx/4.5.2/../../../../pic32mx/lib\libpic32.a(vector51.o)
                0x9d01f860                __vector_dispatch_51
                0x00000001                ASSERT (((_vector_spacing == 0x0) || (SIZEOF (.vector_51) <= (_vector_spacing << 0x5))), function at exception vector 51 too large)

.vector_52      0x9d01f880        0x8
 *(.vector_52)
 .vector_52     0x9d01f880        0x8 D:/MinGW/msys/1.0/home/wireb/pic32-tools/bin/../lib/gcc/pic32mx/4.5.2/../../../../pic32mx/lib\libpic32.a(vector52.o)
                0x9d01f880                __vector_dispatch_52
                0x00000001                ASSERT (((_vector_spacing == 0x0) || (SIZEOF (.vector_52) <= (_vector_spacing << 0x5))), function at exception vector 52 too large)

.vector_53      0x9d01f8a0        0x8
 *(.vector_53)
 .vector_53     0x9d01f8a0        0x8 D:/MinGW/msys/1.0/home/wireb/pic32-tools/bin/../lib/gcc/pic32mx/4.5.2/../../../../pic32mx/lib\libpic32.a(vector53.o)
                0x9d01f8a0                __vector_dispatch_53
                0x00000001                ASSERT (((_vector_spacing == 0x0) || (SIZEOF (.vector_53) <= (_vector_spacing << 0x5))), function at exception vector 53 too large)

.vector_54      0x9d01f8c0        0x8
 *(.vector_54)
 .vector_54     0x9d01f8c0        0x8 D:/MinGW/msys/1.0/home/wireb/pic32-tools/bin/../lib/gcc/pic32mx/4.5.2/../../../../pic32mx/lib\libpic32.a(vector54.o)
                0x9d01f8c0                __vector_dispatch_54
                0x00000001                ASSERT (((_vector_spacing == 0x0) || (SIZEOF (.vector_54) <= (_vector_spacing << 0x5))), function at exception vector 54 too large)

.vector_55      0x9d01f8e0        0x8
 *(.vector_55)
 .vector_55     0x9d01f8e0        0x8 D:/MinGW/msys/1.0/home/wireb/pic32-tools/bin/../lib/gcc/pic32mx/4.5.2/../../../../pic32mx/lib\libpic32.a(vector55.o)
                0x9d01f8e0                __vector_dispatch_55
                0x00000001                ASSERT (((_vector_spacing == 0x0) || (SIZEOF (.vector_55) <= (_vector_spacing << 0x5))), function at exception vector 55 too large)

.vector_56      0x9d01f900        0x8
 *(.vector_56)
 .vector_56     0x9d01f900        0x8 D:/MinGW/msys/1.0/home/wireb/pic32-tools/bin/../lib/gcc/pic32mx/4.5.2/../../../../pic32mx/lib\libpic32.a(vector56.o)
                0x9d01f900                __vector_dispatch_56
                0x00000001                ASSERT (((_vector_spacing == 0x0) || (SIZEOF (.vector_56) <= (_vector_spacing << 0x5))), function at exception vector 56 too large)

.vector_57      0x9d01f920        0x8
 *(.vector_57)
 .vector_57     0x9d01f920        0x8 D:/MinGW/msys/1.0/home/wireb/pic32-tools/bin/../lib/gcc/pic32mx/4.5.2/../../../../pic32mx/lib\libpic32.a(vector57.o)
                0x9d01f920                __vector_dispatch_57
                0x00000001                ASSERT (((_vector_spacing == 0x0) || (SIZEOF (.vector_57) <= (_vector_spacing << 0x5))), function at exception vector 57 too large)

.vector_58      0x9d01f940        0x8
 *(.vector_58)
 .vector_58     0x9d01f940        0x8 D:/MinGW/msys/1.0/home/wireb/pic32-tools/bin/../lib/gcc/pic32mx/4.5.2/../../../../pic32mx/lib\libpic32.a(vector58.o)
                0x9d01f940                __vector_dispatch_58
                0x00000001                ASSERT (((_vector_spacing == 0x0) || (SIZEOF (.vector_58) <= (_vector_spacing << 0x5))), function at exception vector 58 too large)

.vector_59      0x9d01f960        0x8
 *(.vector_59)
 .vector_59     0x9d01f960        0x8 D:/MinGW/msys/1.0/home/wireb/pic32-tools/bin/../lib/gcc/pic32mx/4.5.2/../../../../pic32mx/lib\libpic32.a(vector59.o)
                0x9d01f960                __vector_dispatch_59
                0x00000001                ASSERT (((_vector_spacing == 0x0) || (SIZEOF (.vector_59) <= (_vector_spacing << 0x5))), function at exception vector 59 too large)

.vector_60      0x9d01f980        0x8
 *(.vector_60)
 .vector_60     0x9d01f980        0x8 D:/MinGW/msys/1.0/home/wireb/pic32-tools/bin/../lib/gcc/pic32mx/4.5.2/../../../../pic32mx/lib\libpic32.a(vector60.o)
                0x9d01f980                __vector_dispatch_60
                0x00000001                ASSERT (((_vector_spacing == 0x0) || (SIZEOF (.vector_60) <= (_vector_spacing << 0x5))), function at exception vector 60 too large)

.vector_61      0x9d01f9a0        0x8
 *(.vector_61)
 .vector_61     0x9d01f9a0        0x8 D:/MinGW/msys/1.0/home/wireb/pic32-tools/bin/../lib/gcc/pic32mx/4.5.2/../../../../pic32mx/lib\libpic32.a(vector61.o)
                0x9d01f9a0                __vector_dispatch_61
                0x00000001                ASSERT (((_vector_spacing == 0x0) || (SIZEOF (.vector_61) <= (_vector_spacing << 0x5))), function at exception vector 61 too large)

.vector_62      0x9d01f9c0        0x8
 *(.vector_62)
 .vector_62     0x9d01f9c0        0x8 D:/MinGW/msys/1.0/home/wireb/pic32-tools/bin/../lib/gcc/pic32mx/4.5.2/../../../../pic32mx/lib\libpic32.a(vector62.o)
                0x9d01f9c0                __vector_dispatch_62
                0x00000001                ASSERT (((_vector_spacing == 0x0) || (SIZEOF (.vector_62) <= (_vector_spacing << 0x5))), function at exception vector 62 too large)

.vector_63      0x9d01f9e0        0x8
 *(.vector_63)
 .vector_63     0x9d01f9e0        0x8 D:/MinGW/msys/1.0/home/wireb/pic32-tools/bin/../lib/gcc/pic32mx/4.5.2/../../../../pic32mx/lib\libpic32.a(vector63.o)
                0x9d01f9e0                __vector_dispatch_63
                0x00000001                ASSERT (((_vector_spacing == 0x0) || (SIZEOF (.vector_63) <= (_vector_spacing << 0x5))), function at exception vector 63 too large)

.startup        0x9d000000      0x1e8
 *(.startup)
 .startup       0x9d000000      0x1e8 D:/MinGW/msys/1.0/home/wireb/pic32-tools/bin/../lib/gcc/pic32mx/4.5.2/../../../../pic32mx/lib/./proc/32MX150F128B/crt0_mips32r2.o

.text           0x9d0001e8     0x1278
                0x9d0001e8                _text_begin = .
 *(.text .stub .text.* .gnu.linkonce.t.*)
 .text          0x9d0001e8       0x34 D:/MinGW/msys/1.0/home/wireb/pic32-tools/bin/../lib/gcc/pic32mx/4.5.2/../../../../pic32mx/lib/./proc/32MX150F128B/crt0_mips32r2.o
 .text.init_spi
                0x9d00021c       0x2c main.o
 .text.init_dma
                0x9d000248       0xb8 main.o
 .text.reset_board
                0x9d000300       0x44 main.o
                0x9d000300                reset_board
 .text.main     0x9d000344      0x6e4 main.o
                0x9d000344                main
 .text.CoreTimerHandler
                0x9d000a28      0x114 main.o
                0x9d000a28                CoreTimerHandler
 .text.stepgen_get_position
                0x9d000b3c       0x48 stepgen.o
                0x9d000b3c                stepgen_get_position
 .text.stepgen_update_input
                0x9d000b84       0x48 stepgen.o
                0x9d000b84                stepgen_update_input
 .text.stepgen_update_stepwidth
                0x9d000bcc        0x8 stepgen.o
                0x9d000bcc                stepgen_update_stepwidth
 .text.stepgen_reset
                0x9d000bd4       0xc4 stepgen.o
                0x9d000bd4                stepgen_reset
 .text.stepgen  0x9d000c98      0x34c stepgen.o
                0x9d000c98                stepgen
 .text.general_exception
                0x9d000fe4       0xdc D:/MinGW/msys/1.0/home/wireb/pic32-tools/bin/../lib/gcc/pic32mx/4.5.2/../../../../pic32mx/lib\libpic32.a(general-exception.o)
                0x9d000fe4                _general_exception_context
 .text._general_exception_handler
                0x9d0010c0       0x38 D:/MinGW/msys/1.0/home/wireb/pic32-tools/bin/../lib/gcc/pic32mx/4.5.2/../../../../pic32mx/lib\libpic32.a(default-general-exception-handler.o)
                0x9d0010c0                _general_exception_handler
 .text._bootstrap_exception_handler
                0x9d0010f8       0x38 D:/MinGW/msys/1.0/home/wireb/pic32-tools/bin/../lib/gcc/pic32mx/4.5.2/../../../../pic32mx/lib\libpic32.a(default-bootstrap-exception-handler.o)
                0x9d0010f8                _bootstrap_exception_handler
 .text._on_reset
                0x9d001130        0x8 D:/MinGW/msys/1.0/home/wireb/pic32-tools/bin/../lib/gcc/pic32mx/4.5.2/../../../../pic32mx/lib\libpic32.a(default-on-reset.o)
                0x9d001130                _on_reset
 .text._on_bootstrap
                0x9d001138        0x8 D:/MinGW/msys/1.0/home/wireb/pic32-tools/bin/../lib/gcc/pic32mx/4.5.2/../../../../pic32mx/lib\libpic32.a(default-on-bootstrap.o)
                0x9d001138                _on_bootstrap
 .text          0x9d001140       0x18 D:/MinGW/msys/1.0/home/wireb/pic32-tools/bin/../lib/gcc/pic32mx/4.5.2/../../../../pic32mx/lib\libpic32.a(default-nmi-handler.o)
                0x9d001140                _nmi_handler
 .text          0x9d001158       0x44 D:/MinGW/msys/1.0/home/wireb/pic32-tools/bin/../lib/gcc/pic32mx/4.5.2/../../../../pic32mx/lib\libpic32.a(pic32_software_reset.o)
                0x9d001158                __pic32_software_reset
 .text.OpenCoreTimer
                0x9d00119c        0xc D:/MinGW/msys/1.0/home/wireb/pic32-tools/bin/../lib/gcc/pic32mx/4.5.2/../../../../pic32mx/lib\libmchp_peripheral.a(open_core_timer_lib.o)
                0x9d00119c                OpenCoreTimer
 .text.UpdateCoreTimer
                0x9d0011a8       0x10 D:/MinGW/msys/1.0/home/wireb/pic32-tools/bin/../lib/gcc/pic32mx/4.5.2/../../../../pic32mx/lib\libmchp_peripheral.a(update_core_timer_lib.o)
                0x9d0011a8                UpdateCoreTimer
 .text.INTConfigureSystem
                0x9d0011b8       0x30 D:/MinGW/msys/1.0/home/wireb/pic32-tools/bin/../lib/gcc/pic32mx/4.5.2/../../../../pic32mx/lib\libmchp_peripheral_32MX150F128B.a(int_configure_system_lib.o)
                0x9d0011b8                INTConfigureSystem
 .text.INTEnableInterrupts
                0x9d0011e8        0x8 D:/MinGW/msys/1.0/home/wireb/pic32-tools/bin/../lib/gcc/pic32mx/4.5.2/../../../../pic32mx/lib\libmchp_peripheral_32MX150F128B.a(int_enable_interrupts_lib.o)
                0x9d0011e8                INTEnableInterrupts
 .text.INTDisableInterrupts
                0x9d0011f0        0x8 D:/MinGW/msys/1.0/home/wireb/pic32-tools/bin/../lib/gcc/pic32mx/4.5.2/../../../../pic32mx/lib\libmchp_peripheral_32MX150F128B.a(int_disable_interrupts_lib.o)
                0x9d0011f0                INTDisableInterrupts
 .text.INTRestoreInterrupts
                0x9d0011f8       0x1c D:/MinGW/msys/1.0/home/wireb/pic32-tools/bin/../lib/gcc/pic32mx/4.5.2/../../../../pic32mx/lib\libmchp_peripheral_32MX150F128B.a(int_restore_interrupts_lib.o)
                0x9d0011f8                INTRestoreInterrupts
 .text.DmaChnOpen
                0x9d001214       0xec D:/MinGW/msys/1.0/home/wireb/pic32-tools/bin/../lib/gcc/pic32mx/4.5.2/../../../../pic32mx/lib\libmchp_peripheral_32MX150F128B.a(dma_chn_open_lib.o)
                0x9d001214                DmaChnOpen
 .text.DmaChnEnable
                0x9d001300       0x24 D:/MinGW/msys/1.0/home/wireb/pic32-tools/bin/../lib/gcc/pic32mx/4.5.2/../../../../pic32mx/lib\libmchp_peripheral_32MX150F128B.a(dma_chn_enable_lib.o)
                0x9d001300                DmaChnEnable
 .text.DmaChnWriteEventControlFlags
                0x9d001324       0x2c D:/MinGW/msys/1.0/home/wireb/pic32-tools/bin/../lib/gcc/pic32mx/4.5.2/../../../../pic32mx/lib\libmchp_peripheral_32MX150F128B.a(dma_chn_write_event_control_flags_lib.o)
                0x9d001324                DmaChnWriteEventControlFlags
 .text.DmaChnSetTxfer
                0x9d001350       0x98 D:/MinGW/msys/1.0/home/wireb/pic32-tools/bin/../lib/gcc/pic32mx/4.5.2/../../../../pic32mx/lib\libmchp_peripheral_32MX150F128B.a(dma_chn_set_txfer_lib.o)
                0x9d001350                DmaChnSetTxfer
 .text.INTClearFlag
                0x9d0013e8       0x28 D:/MinGW/msys/1.0/home/wireb/pic32-tools/bin/../lib/gcc/pic32mx/4.5.2/../../../../pic32mx/lib\libmchp_peripheral_32MX150F128B.a(int_tbl_lib.o)
                0x9d0013e8                INTClearFlag
 .text.INTEnable
                0x9d001410       0x50 D:/MinGW/msys/1.0/home/wireb/pic32-tools/bin/../lib/gcc/pic32mx/4.5.2/../../../../pic32mx/lib\libmchp_peripheral_32MX150F128B.a(int_tbl_lib.o)
                0x9d001410                INTEnable
 *(.text.*personality*)
 *(.gnu.warning)
 *(.mips16.fn.*)
 *(.mips16.call.*)
                0x9d001460                _text_end = .

.init
 *crti.o(.init)
 *crtbegin.o(.init)
 *(EXCLUDE_FILE(*crtn.o *crtend?.o *crtend.o) .init)
 *crtend.o(.init)
 *crtn.o(.init)

.fini
 *(.fini)

.preinit_array  0x9d001460        0x0
                0x9d001460                PROVIDE (__preinit_array_start, .)
 *(.preinit_array)
                0x9d001460                PROVIDE (__preinit_array_end, .)
 *(.preinit_array)

.init_array     0x9d001460        0x0
                0x9d001460                PROVIDE (__init_array_start, .)
 *(SORT(.init_array.*))
 *(.init_array)
                0x9d001460                PROVIDE (__init_array_end, .)

.fini_array     0x9d001460        0x0
                0x9d001460                PROVIDE (__fini_array_start, .)
 *(SORT(.fini_array.*))
 *(.fini_array)
                0x9d001460                PROVIDE (__fini_array_end, .)

.ctors
 *crtbegin.o(.ctors)
 *crtbegin?.o(.ctors)
 *(EXCLUDE_FILE(*crtend?.o *crtend.o) .ctors)
 *(SORT(.ctors.*))
 *(.ctors)

.dtors
 *crtbegin.o(.dtors)
 *crtbegin?.o(.dtors)
 *(EXCLUDE_FILE(*crtend?.o *crtend.o) .dtors)
 *(SORT(.dtors.*))
 *(.dtors)

.rodata         0x9d001460      0x55c
 *(.rodata .rodata.* .gnu.linkonce.r.*)
 .rodata        0x9d001460        0x4 D:/MinGW/msys/1.0/home/wireb/pic32-tools/bin/../lib/gcc/pic32mx/4.5.2/../../../../pic32mx/lib\libmchp_peripheral_32MX150F128B.a(dma_reg_map_tbl_lib.o)
                0x9d001460                _DmaMapTbl
 .rodata        0x9d001464      0x558 D:/MinGW/msys/1.0/home/wireb/pic32-tools/bin/../lib/gcc/pic32mx/4.5.2/../../../../pic32mx/lib\libmchp_peripheral_32MX150F128B.a(int_tbl_lib.o)
                0x9d001464                __IntSrcTbl
                0x9d0017ac                __IntVectorTbl
 *(.rodata1)
                0x9d0019bc                . = ALIGN (0x4)

.sdata2         0x9d0019bc        0x0
 *(.sdata2 .sdata2.* .gnu.linkonce.s2.*)
                0x9d0019bc                . = ALIGN (0x4)

.sbss2          0x9d0019bc        0x0
 *(.sbss2 .sbss2.* .gnu.linkonce.sb2.*)
                0x9d0019bc                . = ALIGN (0x4)

.dbg_data       0xa0000000        0x0
                0xa0000000                . = (. + DEFINED (_DEBUGGER)?0x200:0x0)

.persist        0xa0000000        0x0
                0xa0000000                _persist_begin = .
 *(.persist .persist.*)
                0xa0000000                . = ALIGN (0x4)
                0xa0000000                _persist_end = .

.data           0xa0000000       0x10 load address 0x9d0019bc
                0xa0000000                _data_begin = .
 *(.data .data.* .gnu.linkonce.d.*)
 .data.do_step_hi.do_step_hi
                0xa0000000       0x10 stepgen.o
 *(.gnu.linkonce.d.*personality*)
 *(.data1)
                0x9d0019bc                _data_image_begin = LOADADDR (.data)
                0xa0000010                . = .
                0xa0008000                _gp = (ALIGN (0x10) + 0x7ff0)

.got
 *(.got.plt)
 *(.got)

.sdata          0xa0000010        0x4 load address 0x9d0019bc
                0xa0000010                _sdata_begin = .
 *(.sdata .sdata.* .gnu.linkonce.s.*)
 .sdata.step_width.step_width
                0xa0000010        0x4 stepgen.o
                0xa0000014                _sdata_end = .

.lit8
 *(.lit8)

.lit4
 *(.lit4)
                0xa0000014                . = ALIGN (0x4)
                0xa0000014                _data_end = .
                0xa0000014                _bss_begin = .

.sbss           0xa0000014        0x4
                0xa0000014                _sbss_begin = .
 *(.dynsbss)
 *(.sbss .sbss.* .gnu.linkonce.sb.*)
 .sbss.spi_data_ready.spi_data_ready
                0xa0000014        0x4 main.o
 *(.scommon)
                0xa0000018                _sbss_end = .

.bss            0xa0000018       0x88
 *(.dynbss)
 *(.bss .bss.* .gnu.linkonce.b.*)
 .bss.rxBuf.rxBuf
                0xa0000018       0x14 main.o
 .bss.txBuf.txBuf
                0xa000002c       0x14 main.o
 .bss.position.position
                0xa0000040       0x10 stepgen.o
 .bss.oldpos.oldpos
                0xa0000050       0x10 stepgen.o
 .bss.stepwdth.stepwdth
                0xa0000060       0x10 stepgen.o
 .bss.dirchange.dirchange
                0xa0000070       0x10 stepgen.o
 .bss.stepgen_input.stepgen_input
                0xa0000080       0x10 stepgen.o
 .bss.oldvel.oldvel
                0xa0000090       0x10 stepgen.o
 *(COMMON)
                0xa00000a0                . = ALIGN (0x4)
                0xa00000a0                . = ALIGN (0x4)
                0xa00000a0                _end = .
                0xa00000a0                _bss_end = .

.heap           0xa00000a0      0x800
                0xa00000a0                _heap = .
                0xa00008a0                . = (. + _min_heap_size)
 *fill*         0xa00000a0      0x800 
                0xa00008a0                . = ALIGN (0x8)

.stack          0xa00008a0      0x808
                0xa00008a0                _splim = .
                0xa00008a0                _SPLIM = .
                0xa00010a0                . = (. + _min_stack_size)
 *fill*         0xa00008a0      0x800 
                0xa00010a0                . = ALIGN (0x8)
 .stack         0xa00010a0        0x8 stack

.ramfunc        0xa0001800        0x0 load address 0x9d0019bc
                0xa0001800                _ramfunc_begin = .
 *(.ramfunc .ramfunc.*)
                0xa0001800                . = ALIGN (0x4)
                0xa0001800                _ramfunc_end = .
                0x9d0019bc                _ramfunc_image_begin = LOADADDR (.ramfunc)
                0x00000000                _ramfunc_length = SIZEOF (.ramfunc)
                0x00001800                _bmxdkpba_address = (_ramfunc_begin - ORIGIN (kseg1_data_mem))
                0x00008000                _bmxdudba_address = 0x8000
                0x00008000                _bmxdupba_address = 0x8000
                0xa0008000                _stack = (_ramfunc_length > 0x0)?(_ramfunc_begin - 0x4):(ORIGIN (kseg1_data_mem) + 0x8000)
                0x00000001                ASSERT (((_min_stack_size + _min_heap_size) <= (_stack - _heap)), Not enough space to allocate both stack and heap.  Reduce heap and/or stack size.)

/DISCARD/
 *(.pdr)
 *(.reginfo)
 *(.debug_loc)
 *(.rel.dyn)
 *(.note.GNU-stack)
 *(.gnu_debuglink)
 *(.gnu.lto_*)

.stab
 *(.stab)

.stabstr
 *(.stabstr)

.stab.excl
 *(.stab.excl)

.stab.exclstr
 *(.stab.exclstr)

.stab.index
 *(.stab.index)

.stab.indexstr
 *(.stab.indexstr)

.comment        0x00000000       0x77
 *(.comment)
 .comment       0x00000000       0x3b main.o
                                 0x3c (size before relaxing)
 .comment       0x00000000       0x3c stepgen.o
 .comment       0x00000000       0x3c D:/MinGW/msys/1.0/home/wireb/pic32-tools/bin/../lib/gcc/pic32mx/4.5.2/../../../../pic32mx/lib\libpic32.a(default-general-exception-handler.o)
 .comment       0x00000000       0x3c D:/MinGW/msys/1.0/home/wireb/pic32-tools/bin/../lib/gcc/pic32mx/4.5.2/../../../../pic32mx/lib\libpic32.a(default-bootstrap-exception-handler.o)
 .comment       0x00000000       0x3c D:/MinGW/msys/1.0/home/wireb/pic32-tools/bin/../lib/gcc/pic32mx/4.5.2/../../../../pic32mx/lib\libpic32.a(default-on-reset.o)
 .comment       0x00000000       0x3c D:/MinGW/msys/1.0/home/wireb/pic32-tools/bin/../lib/gcc/pic32mx/4.5.2/../../../../pic32mx/lib\libpic32.a(default-on-bootstrap.o)
 .comment       0x00000000       0x3c D:/MinGW/msys/1.0/home/wireb/pic32-tools/bin/../lib/gcc/pic32mx/4.5.2/../../../../pic32mx/lib\libpic32.a(defaultinterrupt.o)
 .comment       0x0000003b       0x3c D:/MinGW/msys/1.0/home/wireb/pic32-tools/bin/../lib/gcc/pic32mx/4.5.2/../../../../pic32mx/lib\libmchp_peripheral.a(open_core_timer_lib.o)
                                 0x3d (size before relaxing)
 .comment       0x00000000       0x3d D:/MinGW/msys/1.0/home/wireb/pic32-tools/bin/../lib/gcc/pic32mx/4.5.2/../../../../pic32mx/lib\libmchp_peripheral.a(update_core_timer_lib.o)
 .comment       0x00000000       0x3d D:/MinGW/msys/1.0/home/wireb/pic32-tools/bin/../lib/gcc/pic32mx/4.5.2/../../../../pic32mx/lib\libmchp_peripheral_32MX150F128B.a(int_configure_system_lib.o)
 .comment       0x00000000       0x3d D:/MinGW/msys/1.0/home/wireb/pic32-tools/bin/../lib/gcc/pic32mx/4.5.2/../../../../pic32mx/lib\libmchp_peripheral_32MX150F128B.a(int_enable_interrupts_lib.o)
 .comment       0x00000000       0x3d D:/MinGW/msys/1.0/home/wireb/pic32-tools/bin/../lib/gcc/pic32mx/4.5.2/../../../../pic32mx/lib\libmchp_peripheral_32MX150F128B.a(int_disable_interrupts_lib.o)
 .comment       0x00000000       0x3d D:/MinGW/msys/1.0/home/wireb/pic32-tools/bin/../lib/gcc/pic32mx/4.5.2/../../../../pic32mx/lib\libmchp_peripheral_32MX150F128B.a(int_restore_interrupts_lib.o)
 .comment       0x00000000       0x3d D:/MinGW/msys/1.0/home/wireb/pic32-tools/bin/../lib/gcc/pic32mx/4.5.2/../../../../pic32mx/lib\libmchp_peripheral_32MX150F128B.a(dma_chn_open_lib.o)
 .comment       0x00000000       0x3d D:/MinGW/msys/1.0/home/wireb/pic32-tools/bin/../lib/gcc/pic32mx/4.5.2/../../../../pic32mx/lib\libmchp_peripheral_32MX150F128B.a(dma_chn_enable_lib.o)
 .comment       0x00000000       0x3d D:/MinGW/msys/1.0/home/wireb/pic32-tools/bin/../lib/gcc/pic32mx/4.5.2/../../../../pic32mx/lib\libmchp_peripheral_32MX150F128B.a(dma_chn_write_event_control_flags_lib.o)
 .comment       0x00000000       0x3d D:/MinGW/msys/1.0/home/wireb/pic32-tools/bin/../lib/gcc/pic32mx/4.5.2/../../../../pic32mx/lib\libmchp_peripheral_32MX150F128B.a(dma_chn_set_txfer_lib.o)
 .comment       0x00000000       0x3d D:/MinGW/msys/1.0/home/wireb/pic32-tools/bin/../lib/gcc/pic32mx/4.5.2/../../../../pic32mx/lib\libmchp_peripheral_32MX150F128B.a(dma_reg_map_tbl_lib.o)
 .comment       0x00000000       0x3d D:/MinGW/msys/1.0/home/wireb/pic32-tools/bin/../lib/gcc/pic32mx/4.5.2/../../../../pic32mx/lib\libmchp_peripheral_32MX150F128B.a(int_tbl_lib.o)

.debug
 *(.debug)

.line
 *(.line)

.debug_srcinfo
 *(.debug_srcinfo)

.debug_sfnames
 *(.debug_sfnames)

.debug_aranges  0x00000000      0x220
 *(.debug_aranges)
 .debug_aranges
                0x00000000       0x40 main.o
 .debug_aranges
                0x00000040       0x40 stepgen.o
 .debug_aranges
                0x00000080       0x20 D:/MinGW/msys/1.0/home/wireb/pic32-tools/bin/../lib/gcc/pic32mx/4.5.2/../../../../pic32mx/lib\libmchp_peripheral.a(open_core_timer_lib.o)
 .debug_aranges
                0x000000a0       0x20 D:/MinGW/msys/1.0/home/wireb/pic32-tools/bin/../lib/gcc/pic32mx/4.5.2/../../../../pic32mx/lib\libmchp_peripheral.a(update_core_timer_lib.o)
 .debug_aranges
                0x000000c0       0x20 D:/MinGW/msys/1.0/home/wireb/pic32-tools/bin/../lib/gcc/pic32mx/4.5.2/../../../../pic32mx/lib\libmchp_peripheral_32MX150F128B.a(int_configure_system_lib.o)
 .debug_aranges
                0x000000e0       0x20 D:/MinGW/msys/1.0/home/wireb/pic32-tools/bin/../lib/gcc/pic32mx/4.5.2/../../../../pic32mx/lib\libmchp_peripheral_32MX150F128B.a(int_enable_interrupts_lib.o)
 .debug_aranges
                0x00000100       0x20 D:/MinGW/msys/1.0/home/wireb/pic32-tools/bin/../lib/gcc/pic32mx/4.5.2/../../../../pic32mx/lib\libmchp_peripheral_32MX150F128B.a(int_disable_interrupts_lib.o)
 .debug_aranges
                0x00000120       0x20 D:/MinGW/msys/1.0/home/wireb/pic32-tools/bin/../lib/gcc/pic32mx/4.5.2/../../../../pic32mx/lib\libmchp_peripheral_32MX150F128B.a(int_restore_interrupts_lib.o)
 .debug_aranges
                0x00000140       0x20 D:/MinGW/msys/1.0/home/wireb/pic32-tools/bin/../lib/gcc/pic32mx/4.5.2/../../../../pic32mx/lib\libmchp_peripheral_32MX150F128B.a(dma_chn_open_lib.o)
 .debug_aranges
                0x00000160       0x20 D:/MinGW/msys/1.0/home/wireb/pic32-tools/bin/../lib/gcc/pic32mx/4.5.2/../../../../pic32mx/lib\libmchp_peripheral_32MX150F128B.a(dma_chn_enable_lib.o)
 .debug_aranges
                0x00000180       0x20 D:/MinGW/msys/1.0/home/wireb/pic32-tools/bin/../lib/gcc/pic32mx/4.5.2/../../../../pic32mx/lib\libmchp_peripheral_32MX150F128B.a(dma_chn_write_event_control_flags_lib.o)
 .debug_aranges
                0x000001a0       0x20 D:/MinGW/msys/1.0/home/wireb/pic32-tools/bin/../lib/gcc/pic32mx/4.5.2/../../../../pic32mx/lib\libmchp_peripheral_32MX150F128B.a(dma_chn_set_txfer_lib.o)
 .debug_aranges
                0x000001c0       0x60 D:/MinGW/msys/1.0/home/wireb/pic32-tools/bin/../lib/gcc/pic32mx/4.5.2/../../../../pic32mx/lib\libmchp_peripheral_32MX150F128B.a(int_tbl_lib.o)

.debug_pubnames
                0x00000000      0x318
 *(.debug_pubnames)
 .debug_pubnames
                0x00000000       0x40 main.o
 .debug_pubnames
                0x00000040       0x7f stepgen.o
 .debug_pubnames
                0x000000bf       0x24 D:/MinGW/msys/1.0/home/wireb/pic32-tools/bin/../lib/gcc/pic32mx/4.5.2/../../../../pic32mx/lib\libmchp_peripheral.a(open_core_timer_lib.o)
 .debug_pubnames
                0x000000e3       0x26 D:/MinGW/msys/1.0/home/wireb/pic32-tools/bin/../lib/gcc/pic32mx/4.5.2/../../../../pic32mx/lib\libmchp_peripheral.a(update_core_timer_lib.o)
 .debug_pubnames
                0x00000109       0x29 D:/MinGW/msys/1.0/home/wireb/pic32-tools/bin/../lib/gcc/pic32mx/4.5.2/../../../../pic32mx/lib\libmchp_peripheral_32MX150F128B.a(int_configure_system_lib.o)
 .debug_pubnames
                0x00000132       0x2a D:/MinGW/msys/1.0/home/wireb/pic32-tools/bin/../lib/gcc/pic32mx/4.5.2/../../../../pic32mx/lib\libmchp_peripheral_32MX150F128B.a(int_enable_interrupts_lib.o)
 .debug_pubnames
                0x0000015c       0x2b D:/MinGW/msys/1.0/home/wireb/pic32-tools/bin/../lib/gcc/pic32mx/4.5.2/../../../../pic32mx/lib\libmchp_peripheral_32MX150F128B.a(int_disable_interrupts_lib.o)
 .debug_pubnames
                0x00000187       0x2b D:/MinGW/msys/1.0/home/wireb/pic32-tools/bin/../lib/gcc/pic32mx/4.5.2/../../../../pic32mx/lib\libmchp_peripheral_32MX150F128B.a(int_restore_interrupts_lib.o)
 .debug_pubnames
                0x000001b2       0x21 D:/MinGW/msys/1.0/home/wireb/pic32-tools/bin/../lib/gcc/pic32mx/4.5.2/../../../../pic32mx/lib\libmchp_peripheral_32MX150F128B.a(dma_chn_open_lib.o)
 .debug_pubnames
                0x000001d3       0x23 D:/MinGW/msys/1.0/home/wireb/pic32-tools/bin/../lib/gcc/pic32mx/4.5.2/../../../../pic32mx/lib\libmchp_peripheral_32MX150F128B.a(dma_chn_enable_lib.o)
 .debug_pubnames
                0x000001f6       0x33 D:/MinGW/msys/1.0/home/wireb/pic32-tools/bin/../lib/gcc/pic32mx/4.5.2/../../../../pic32mx/lib\libmchp_peripheral_32MX150F128B.a(dma_chn_write_event_control_flags_lib.o)
 .debug_pubnames
                0x00000229       0x25 D:/MinGW/msys/1.0/home/wireb/pic32-tools/bin/../lib/gcc/pic32mx/4.5.2/../../../../pic32mx/lib\libmchp_peripheral_32MX150F128B.a(dma_chn_set_txfer_lib.o)
 .debug_pubnames
                0x0000024e       0xca D:/MinGW/msys/1.0/home/wireb/pic32-tools/bin/../lib/gcc/pic32mx/4.5.2/../../../../pic32mx/lib\libmchp_peripheral_32MX150F128B.a(int_tbl_lib.o)

.debug_info     0x00000000     0x3ba7
 *(.debug_info .gnu.linkonce.wi.*)
 .debug_info    0x00000000     0x204b main.o
 .debug_info    0x0000204b     0x12bc stepgen.o
 .debug_info    0x00003307       0xaa D:/MinGW/msys/1.0/home/wireb/pic32-tools/bin/../lib/gcc/pic32mx/4.5.2/../../../../pic32mx/lib\libmchp_peripheral.a(open_core_timer_lib.o)
 .debug_info    0x000033b1       0xae D:/MinGW/msys/1.0/home/wireb/pic32-tools/bin/../lib/gcc/pic32mx/4.5.2/../../../../pic32mx/lib\libmchp_peripheral.a(update_core_timer_lib.o)
 .debug_info    0x0000345f       0xb2 D:/MinGW/msys/1.0/home/wireb/pic32-tools/bin/../lib/gcc/pic32mx/4.5.2/../../../../pic32mx/lib\libmchp_peripheral_32MX150F128B.a(int_configure_system_lib.o)
 .debug_info    0x00003511       0xb4 D:/MinGW/msys/1.0/home/wireb/pic32-tools/bin/../lib/gcc/pic32mx/4.5.2/../../../../pic32mx/lib\libmchp_peripheral_32MX150F128B.a(int_enable_interrupts_lib.o)
 .debug_info    0x000035c5       0xb6 D:/MinGW/msys/1.0/home/wireb/pic32-tools/bin/../lib/gcc/pic32mx/4.5.2/../../../../pic32mx/lib\libmchp_peripheral_32MX150F128B.a(int_disable_interrupts_lib.o)
 .debug_info    0x0000367b       0xb6 D:/MinGW/msys/1.0/home/wireb/pic32-tools/bin/../lib/gcc/pic32mx/4.5.2/../../../../pic32mx/lib\libmchp_peripheral_32MX150F128B.a(int_restore_interrupts_lib.o)
 .debug_info    0x00003731       0xb5 D:/MinGW/msys/1.0/home/wireb/pic32-tools/bin/../lib/gcc/pic32mx/4.5.2/../../../../pic32mx/lib\libmchp_peripheral_32MX150F128B.a(dma_chn_open_lib.o)
 .debug_info    0x000037e6       0xa6 D:/MinGW/msys/1.0/home/wireb/pic32-tools/bin/../lib/gcc/pic32mx/4.5.2/../../../../pic32mx/lib\libmchp_peripheral_32MX150F128B.a(dma_chn_enable_lib.o)
 .debug_info    0x0000388c       0xc9 D:/MinGW/msys/1.0/home/wireb/pic32-tools/bin/../lib/gcc/pic32mx/4.5.2/../../../../pic32mx/lib\libmchp_peripheral_32MX150F128B.a(dma_chn_write_event_control_flags_lib.o)
 .debug_info    0x00003955       0xbc D:/MinGW/msys/1.0/home/wireb/pic32-tools/bin/../lib/gcc/pic32mx/4.5.2/../../../../pic32mx/lib\libmchp_peripheral_32MX150F128B.a(dma_chn_set_txfer_lib.o)
 .debug_info    0x00003a11        0x0 D:/MinGW/msys/1.0/home/wireb/pic32-tools/bin/../lib/gcc/pic32mx/4.5.2/../../../../pic32mx/lib\libmchp_peripheral_32MX150F128B.a(dma_reg_map_tbl_lib.o)
 .debug_info    0x00003a11      0x196 D:/MinGW/msys/1.0/home/wireb/pic32-tools/bin/../lib/gcc/pic32mx/4.5.2/../../../../pic32mx/lib\libmchp_peripheral_32MX150F128B.a(int_tbl_lib.o)

.debug_abbrev   0x00000000      0x736
 *(.debug_abbrev)
 .debug_abbrev  0x00000000      0x36e main.o
 .debug_abbrev  0x0000036e      0x212 stepgen.o
 .debug_abbrev  0x00000580       0x25 D:/MinGW/msys/1.0/home/wireb/pic32-tools/bin/../lib/gcc/pic32mx/4.5.2/../../../../pic32mx/lib\libmchp_peripheral.a(open_core_timer_lib.o)
 .debug_abbrev  0x000005a5       0x25 D:/MinGW/msys/1.0/home/wireb/pic32-tools/bin/../lib/gcc/pic32mx/4.5.2/../../../../pic32mx/lib\libmchp_peripheral.a(update_core_timer_lib.o)
 .debug_abbrev  0x000005ca       0x25 D:/MinGW/msys/1.0/home/wireb/pic32-tools/bin/../lib/gcc/pic32mx/4.5.2/../../../../pic32mx/lib\libmchp_peripheral_32MX150F128B.a(int_configure_system_lib.o)
 .debug_abbrev  0x000005ef       0x25 D:/MinGW/msys/1.0/home/wireb/pic32-tools/bin/../lib/gcc/pic32mx/4.5.2/../../../../pic32mx/lib\libmchp_peripheral_32MX150F128B.a(int_enable_interrupts_lib.o)
 .debug_abbrev  0x00000614       0x25 D:/MinGW/msys/1.0/home/wireb/pic32-tools/bin/../lib/gcc/pic32mx/4.5.2/../../../../pic32mx/lib\libmchp_peripheral_32MX150F128B.a(int_disable_interrupts_lib.o)
 .debug_abbrev  0x00000639       0x25 D:/MinGW/msys/1.0/home/wireb/pic32-tools/bin/../lib/gcc/pic32mx/4.5.2/../../../../pic32mx/lib\libmchp_peripheral_32MX150F128B.a(int_restore_interrupts_lib.o)
 .debug_abbrev  0x0000065e       0x34 D:/MinGW/msys/1.0/home/wireb/pic32-tools/bin/../lib/gcc/pic32mx/4.5.2/../../../../pic32mx/lib\libmchp_peripheral_32MX150F128B.a(dma_chn_open_lib.o)
 .debug_abbrev  0x00000692       0x25 D:/MinGW/msys/1.0/home/wireb/pic32-tools/bin/../lib/gcc/pic32mx/4.5.2/../../../../pic32mx/lib\libmchp_peripheral_32MX150F128B.a(dma_chn_enable_lib.o)
 .debug_abbrev  0x000006b7       0x25 D:/MinGW/msys/1.0/home/wireb/pic32-tools/bin/../lib/gcc/pic32mx/4.5.2/../../../../pic32mx/lib\libmchp_peripheral_32MX150F128B.a(dma_chn_write_event_control_flags_lib.o)
 .debug_abbrev  0x000006dc       0x34 D:/MinGW/msys/1.0/home/wireb/pic32-tools/bin/../lib/gcc/pic32mx/4.5.2/../../../../pic32mx/lib\libmchp_peripheral_32MX150F128B.a(dma_chn_set_txfer_lib.o)
 .debug_abbrev  0x00000710        0x1 D:/MinGW/msys/1.0/home/wireb/pic32-tools/bin/../lib/gcc/pic32mx/4.5.2/../../../../pic32mx/lib\libmchp_peripheral_32MX150F128B.a(dma_reg_map_tbl_lib.o)
 .debug_abbrev  0x00000711       0x25 D:/MinGW/msys/1.0/home/wireb/pic32-tools/bin/../lib/gcc/pic32mx/4.5.2/../../../../pic32mx/lib\libmchp_peripheral_32MX150F128B.a(int_tbl_lib.o)

.debug_line     0x00000000      0xa87
 *(.debug_line)
 .debug_line    0x00000000      0x2fd main.o
 .debug_line    0x000002fd      0x29b stepgen.o
 .debug_line    0x00000598       0x6e D:/MinGW/msys/1.0/home/wireb/pic32-tools/bin/../lib/gcc/pic32mx/4.5.2/../../../../pic32mx/lib\libmchp_peripheral.a(open_core_timer_lib.o)
 .debug_line    0x00000606       0x70 D:/MinGW/msys/1.0/home/wireb/pic32-tools/bin/../lib/gcc/pic32mx/4.5.2/../../../../pic32mx/lib\libmchp_peripheral.a(update_core_timer_lib.o)
 .debug_line    0x00000676       0x71 D:/MinGW/msys/1.0/home/wireb/pic32-tools/bin/../lib/gcc/pic32mx/4.5.2/../../../../pic32mx/lib\libmchp_peripheral_32MX150F128B.a(int_configure_system_lib.o)
 .debug_line    0x000006e7       0x72 D:/MinGW/msys/1.0/home/wireb/pic32-tools/bin/../lib/gcc/pic32mx/4.5.2/../../../../pic32mx/lib\libmchp_peripheral_32MX150F128B.a(int_enable_interrupts_lib.o)
 .debug_line    0x00000759       0x73 D:/MinGW/msys/1.0/home/wireb/pic32-tools/bin/../lib/gcc/pic32mx/4.5.2/../../../../pic32mx/lib\libmchp_peripheral_32MX150F128B.a(int_disable_interrupts_lib.o)
 .debug_line    0x000007cc       0x73 D:/MinGW/msys/1.0/home/wireb/pic32-tools/bin/../lib/gcc/pic32mx/4.5.2/../../../../pic32mx/lib\libmchp_peripheral_32MX150F128B.a(int_restore_interrupts_lib.o)
 .debug_line    0x0000083f       0x7b D:/MinGW/msys/1.0/home/wireb/pic32-tools/bin/../lib/gcc/pic32mx/4.5.2/../../../../pic32mx/lib\libmchp_peripheral_32MX150F128B.a(dma_chn_open_lib.o)
 .debug_line    0x000008ba       0x6b D:/MinGW/msys/1.0/home/wireb/pic32-tools/bin/../lib/gcc/pic32mx/4.5.2/../../../../pic32mx/lib\libmchp_peripheral_32MX150F128B.a(dma_chn_enable_lib.o)
 .debug_line    0x00000925       0x7e D:/MinGW/msys/1.0/home/wireb/pic32-tools/bin/../lib/gcc/pic32mx/4.5.2/../../../../pic32mx/lib\libmchp_peripheral_32MX150F128B.a(dma_chn_write_event_control_flags_lib.o)
 .debug_line    0x000009a3       0x80 D:/MinGW/msys/1.0/home/wireb/pic32-tools/bin/../lib/gcc/pic32mx/4.5.2/../../../../pic32mx/lib\libmchp_peripheral_32MX150F128B.a(dma_chn_set_txfer_lib.o)
 .debug_line    0x00000a23        0x0 D:/MinGW/msys/1.0/home/wireb/pic32-tools/bin/../lib/gcc/pic32mx/4.5.2/../../../../pic32mx/lib\libmchp_peripheral_32MX150F128B.a(dma_reg_map_tbl_lib.o)
 .debug_line    0x00000a23       0x64 D:/MinGW/msys/1.0/home/wireb/pic32-tools/bin/../lib/gcc/pic32mx/4.5.2/../../../../pic32mx/lib\libmchp_peripheral_32MX150F128B.a(int_tbl_lib.o)

.debug_frame    0x00000000      0x328
 *(.debug_frame)
 .debug_frame   0x00000000       0xbc main.o
 .debug_frame   0x000000bc       0x78 stepgen.o
 .debug_frame   0x00000134       0x20 D:/MinGW/msys/1.0/home/wireb/pic32-tools/bin/../lib/gcc/pic32mx/4.5.2/../../../../pic32mx/lib\libmchp_peripheral.a(open_core_timer_lib.o)
 .debug_frame   0x00000154       0x20 D:/MinGW/msys/1.0/home/wireb/pic32-tools/bin/../lib/gcc/pic32mx/4.5.2/../../../../pic32mx/lib\libmchp_peripheral.a(update_core_timer_lib.o)
 .debug_frame   0x00000174       0x20 D:/MinGW/msys/1.0/home/wireb/pic32-tools/bin/../lib/gcc/pic32mx/4.5.2/../../../../pic32mx/lib\libmchp_peripheral_32MX150F128B.a(int_configure_system_lib.o)
 .debug_frame   0x00000194       0x20 D:/MinGW/msys/1.0/home/wireb/pic32-tools/bin/../lib/gcc/pic32mx/4.5.2/../../../../pic32mx/lib\libmchp_peripheral_32MX150F128B.a(int_enable_interrupts_lib.o)
 .debug_frame   0x000001b4       0x20 D:/MinGW/msys/1.0/home/wireb/pic32-tools/bin/../lib/gcc/pic32mx/4.5.2/../../../../pic32mx/lib\libmchp_peripheral_32MX150F128B.a(int_disable_interrupts_lib.o)
 .debug_frame   0x000001d4       0x20 D:/MinGW/msys/1.0/home/wireb/pic32-tools/bin/../lib/gcc/pic32mx/4.5.2/../../../../pic32mx/lib\libmchp_peripheral_32MX150F128B.a(int_restore_interrupts_lib.o)
 .debug_frame   0x000001f4       0x34 D:/MinGW/msys/1.0/home/wireb/pic32-tools/bin/../lib/gcc/pic32mx/4.5.2/../../../../pic32mx/lib\libmchp_peripheral_32MX150F128B.a(dma_chn_open_lib.o)
 .debug_frame   0x00000228       0x20 D:/MinGW/msys/1.0/home/wireb/pic32-tools/bin/../lib/gcc/pic32mx/4.5.2/../../../../pic32mx/lib\libmchp_peripheral_32MX150F128B.a(dma_chn_enable_lib.o)
 .debug_frame   0x00000248       0x20 D:/MinGW/msys/1.0/home/wireb/pic32-tools/bin/../lib/gcc/pic32mx/4.5.2/../../../../pic32mx/lib\libmchp_peripheral_32MX150F128B.a(dma_chn_write_event_control_flags_lib.o)
 .debug_frame   0x00000268       0x20 D:/MinGW/msys/1.0/home/wireb/pic32-tools/bin/../lib/gcc/pic32mx/4.5.2/../../../../pic32mx/lib\libmchp_peripheral_32MX150F128B.a(dma_chn_set_txfer_lib.o)
 .debug_frame   0x00000288       0xa0 D:/MinGW/msys/1.0/home/wireb/pic32-tools/bin/../lib/gcc/pic32mx/4.5.2/../../../../pic32mx/lib\libmchp_peripheral_32MX150F128B.a(int_tbl_lib.o)

.debug_str      0x00000000      0x29f
 *(.debug_str)
 .debug_str     0x00000000      0x1bd main.o
 .debug_str     0x000001bd       0xe2 stepgen.o
 .debug_str     0x0000029f        0x0 D:/MinGW/msys/1.0/home/wireb/pic32-tools/bin/../lib/gcc/pic32mx/4.5.2/../../../../pic32mx/lib\libmchp_peripheral.a(open_core_timer_lib.o)
 .debug_str     0x0000029f        0x0 D:/MinGW/msys/1.0/home/wireb/pic32-tools/bin/../lib/gcc/pic32mx/4.5.2/../../../../pic32mx/lib\libmchp_peripheral.a(update_core_timer_lib.o)
 .debug_str     0x0000029f        0x0 D:/MinGW/msys/1.0/home/wireb/pic32-tools/bin/../lib/gcc/pic32mx/4.5.2/../../../../pic32mx/lib\libmchp_peripheral_32MX150F128B.a(int_configure_system_lib.o)
 .debug_str     0x0000029f        0x0 D:/MinGW/msys/1.0/home/wireb/pic32-tools/bin/../lib/gcc/pic32mx/4.5.2/../../../../pic32mx/lib\libmchp_peripheral_32MX150F128B.a(int_enable_interrupts_lib.o)
 .debug_str     0x0000029f        0x0 D:/MinGW/msys/1.0/home/wireb/pic32-tools/bin/../lib/gcc/pic32mx/4.5.2/../../../../pic32mx/lib\libmchp_peripheral_32MX150F128B.a(int_disable_interrupts_lib.o)
 .debug_str     0x0000029f        0x0 D:/MinGW/msys/1.0/home/wireb/pic32-tools/bin/../lib/gcc/pic32mx/4.5.2/../../../../pic32mx/lib\libmchp_peripheral_32MX150F128B.a(int_restore_interrupts_lib.o)
 .debug_str     0x0000029f        0x0 D:/MinGW/msys/1.0/home/wireb/pic32-tools/bin/../lib/gcc/pic32mx/4.5.2/../../../../pic32mx/lib\libmchp_peripheral_32MX150F128B.a(dma_chn_open_lib.o)
 .debug_str     0x0000029f        0x0 D:/MinGW/msys/1.0/home/wireb/pic32-tools/bin/../lib/gcc/pic32mx/4.5.2/../../../../pic32mx/lib\libmchp_peripheral_32MX150F128B.a(dma_chn_enable_lib.o)
 .debug_str     0x0000029f        0x0 D:/MinGW/msys/1.0/home/wireb/pic32-tools/bin/../lib/gcc/pic32mx/4.5.2/../../../../pic32mx/lib\libmchp_peripheral_32MX150F128B.a(dma_chn_write_event_control_flags_lib.o)
 .debug_str     0x0000029f        0x0 D:/MinGW/msys/1.0/home/wireb/pic32-tools/bin/../lib/gcc/pic32mx/4.5.2/../../../../pic32mx/lib\libmchp_peripheral_32MX150F128B.a(dma_chn_set_txfer_lib.o)
 .debug_str     0x0000029f        0x0 D:/MinGW/msys/1.0/home/wireb/pic32-tools/bin/../lib/gcc/pic32mx/4.5.2/../../../../pic32mx/lib\libmchp_peripheral_32MX150F128B.a(dma_reg_map_tbl_lib.o)
 .debug_str     0x0000029f        0x0 D:/MinGW/msys/1.0/home/wireb/pic32-tools/bin/../lib/gcc/pic32mx/4.5.2/../../../../pic32mx/lib\libmchp_peripheral_32MX150F128B.a(int_tbl_lib.o)

.debug_macinfo
 *(.debug_macinfo)

.debug_weaknames
 *(.debug_weaknames)

.debug_funcnames
 *(.debug_funcnames)

.debug_typenames
 *(.debug_typenames)

.debug_varnames
 *(.debug_varnames)

.debug_pubtypes
                0x00000000      0x250
 *(.debug_pubtypes)
 .debug_pubtypes
                0x00000000      0x161 main.o
 .debug_pubtypes
                0x00000161       0xef stepgen.o

.debug_ranges   0x00000000       0xf0
 *(.debug_ranges)
 .debug_ranges  0x00000000       0x10 D:/MinGW/msys/1.0/home/wireb/pic32-tools/bin/../lib/gcc/pic32mx/4.5.2/../../../../pic32mx/lib\libmchp_peripheral.a(open_core_timer_lib.o)
 .debug_ranges  0x00000010       0x10 D:/MinGW/msys/1.0/home/wireb/pic32-tools/bin/../lib/gcc/pic32mx/4.5.2/../../../../pic32mx/lib\libmchp_peripheral.a(update_core_timer_lib.o)
 .debug_ranges  0x00000020       0x10 D:/MinGW/msys/1.0/home/wireb/pic32-tools/bin/../lib/gcc/pic32mx/4.5.2/../../../../pic32mx/lib\libmchp_peripheral_32MX150F128B.a(int_configure_system_lib.o)
 .debug_ranges  0x00000030       0x10 D:/MinGW/msys/1.0/home/wireb/pic32-tools/bin/../lib/gcc/pic32mx/4.5.2/../../../../pic32mx/lib\libmchp_peripheral_32MX150F128B.a(int_enable_interrupts_lib.o)
 .debug_ranges  0x00000040       0x10 D:/MinGW/msys/1.0/home/wireb/pic32-tools/bin/../lib/gcc/pic32mx/4.5.2/../../../../pic32mx/lib\libmchp_peripheral_32MX150F128B.a(int_disable_interrupts_lib.o)
 .debug_ranges  0x00000050       0x10 D:/MinGW/msys/1.0/home/wireb/pic32-tools/bin/../lib/gcc/pic32mx/4.5.2/../../../../pic32mx/lib\libmchp_peripheral_32MX150F128B.a(int_restore_interrupts_lib.o)
 .debug_ranges  0x00000060       0x10 D:/MinGW/msys/1.0/home/wireb/pic32-tools/bin/../lib/gcc/pic32mx/4.5.2/../../../../pic32mx/lib\libmchp_peripheral_32MX150F128B.a(dma_chn_open_lib.o)
 .debug_ranges  0x00000070       0x10 D:/MinGW/msys/1.0/home/wireb/pic32-tools/bin/../lib/gcc/pic32mx/4.5.2/../../../../pic32mx/lib\libmchp_peripheral_32MX150F128B.a(dma_chn_enable_lib.o)
 .debug_ranges  0x00000080       0x10 D:/MinGW/msys/1.0/home/wireb/pic32-tools/bin/../lib/gcc/pic32mx/4.5.2/../../../../pic32mx/lib\libmchp_peripheral_32MX150F128B.a(dma_chn_write_event_control_flags_lib.o)
 .debug_ranges  0x00000090       0x10 D:/MinGW/msys/1.0/home/wireb/pic32-tools/bin/../lib/gcc/pic32mx/4.5.2/../../../../pic32mx/lib\libmchp_peripheral_32MX150F128B.a(dma_chn_set_txfer_lib.o)
 .debug_ranges  0x000000a0       0x50 D:/MinGW/msys/1.0/home/wireb/pic32-tools/bin/../lib/gcc/pic32mx/4.5.2/../../../../pic32mx/lib\libmchp_peripheral_32MX150F128B.a(int_tbl_lib.o)

.gnu.attributes
                0x00000000       0x10
 *(.gnu.attributes)
 .gnu.attributes
                0x00000000       0x10 main.o
 .gnu.attributes
                0x00000010       0x10 stepgen.o
 .gnu.attributes
                0x00000020       0x10 D:/MinGW/msys/1.0/home/wireb/pic32-tools/bin/../lib/gcc/pic32mx/4.5.2/../../../../pic32mx/lib\libpic32.a(default-general-exception-handler.o)
 .gnu.attributes
                0x00000030       0x10 D:/MinGW/msys/1.0/home/wireb/pic32-tools/bin/../lib/gcc/pic32mx/4.5.2/../../../../pic32mx/lib\libpic32.a(default-bootstrap-exception-handler.o)
 .gnu.attributes
                0x00000040       0x10 D:/MinGW/msys/1.0/home/wireb/pic32-tools/bin/../lib/gcc/pic32mx/4.5.2/../../../../pic32mx/lib\libpic32.a(default-on-reset.o)
 .gnu.attributes
                0x00000050       0x10 D:/MinGW/msys/1.0/home/wireb/pic32-tools/bin/../lib/gcc/pic32mx/4.5.2/../../../../pic32mx/lib\libpic32.a(default-on-bootstrap.o)
 .gnu.attributes
                0x00000060       0x10 D:/MinGW/msys/1.0/home/wireb/pic32-tools/bin/../lib/gcc/pic32mx/4.5.2/../../../../pic32mx/lib\libpic32.a(defaultinterrupt.o)
 .gnu.attributes
                0x00000070       0x10 D:/MinGW/msys/1.0/home/wireb/pic32-tools/bin/../lib/gcc/pic32mx/4.5.2/../../../../pic32mx/lib\libmchp_peripheral.a(open_core_timer_lib.o)
 .gnu.attributes
                0x00000080       0x10 D:/MinGW/msys/1.0/home/wireb/pic32-tools/bin/../lib/gcc/pic32mx/4.5.2/../../../../pic32mx/lib\libmchp_peripheral.a(update_core_timer_lib.o)
 .gnu.attributes
                0x00000090       0x10 D:/MinGW/msys/1.0/home/wireb/pic32-tools/bin/../lib/gcc/pic32mx/4.5.2/../../../../pic32mx/lib\libmchp_peripheral_32MX150F128B.a(int_configure_system_lib.o)
 .gnu.attributes
                0x000000a0       0x10 D:/MinGW/msys/1.0/home/wireb/pic32-tools/bin/../lib/gcc/pic32mx/4.5.2/../../../../pic32mx/lib\libmchp_peripheral_32MX150F128B.a(int_enable_interrupts_lib.o)
 .gnu.attributes
                0x000000b0       0x10 D:/MinGW/msys/1.0/home/wireb/pic32-tools/bin/../lib/gcc/pic32mx/4.5.2/../../../../pic32mx/lib\libmchp_peripheral_32MX150F128B.a(int_disable_interrupts_lib.o)
 .gnu.attributes
                0x000000c0       0x10 D:/MinGW/msys/1.0/home/wireb/pic32-tools/bin/../lib/gcc/pic32mx/4.5.2/../../../../pic32mx/lib\libmchp_peripheral_32MX150F128B.a(int_restore_interrupts_lib.o)
 .gnu.attributes
                0x000000d0       0x10 D:/MinGW/msys/1.0/home/wireb/pic32-tools/bin/../lib/gcc/pic32mx/4.5.2/../../../../pic32mx/lib\libmchp_peripheral_32MX150F128B.a(dma_chn_open_lib.o)
 .gnu.attributes
                0x000000e0       0x10 D:/MinGW/msys/1.0/home/wireb/pic32-tools/bin/../lib/gcc/pic32mx/4.5.2/../../../../pic32mx/lib\libmchp_peripheral_32MX150F128B.a(dma_chn_enable_lib.o)
 .gnu.attributes
                0x000000f0       0x10 D:/MinGW/msys/1.0/home/wireb/pic32-tools/bin/../lib/gcc/pic32mx/4.5.2/../../../../pic32mx/lib\libmchp_peripheral_32MX150F128B.a(dma_chn_write_event_control_flags_lib.o)
 .gnu.attributes
                0x00000100       0x10 D:/MinGW/msys/1.0/home/wireb/pic32-tools/bin/../lib/gcc/pic32mx/4.5.2/../../../../pic32mx/lib\libmchp_peripheral_32MX150F128B.a(dma_chn_set_txfer_lib.o)
 .gnu.attributes
                0x00000110       0x10 D:/MinGW/msys/1.0/home/wireb/pic32-tools/bin/../lib/gcc/pic32mx/4.5.2/../../../../pic32mx/lib\libmchp_peripheral_32MX150F128B.a(dma_reg_map_tbl_lib.o)
 .gnu.attributes
                0x00000120       0x10 D:/MinGW/msys/1.0/home/wireb/pic32-tools/bin/../lib/gcc/pic32mx/4.5.2/../../../../pic32mx/lib\libmchp_peripheral_32MX150F128B.a(int_tbl_lib.o)

.gptab.sdata
 *(.gptab.data)
 *(.gptab.sdata)

.gptab.sbss
 *(.gptab.bss)
 *(.gptab.sbss)

.mdebug.abi32   0xa00010a8        0x0
 *(.mdebug.abi32)
 .mdebug.abi32  0xa00010a8        0x0 main.o
 .mdebug.abi32  0xa00010a8        0x0 stepgen.o
 .mdebug.abi32  0xa00010a8        0x0 D:/MinGW/msys/1.0/home/wireb/pic32-tools/bin/../lib/gcc/pic32mx/4.5.2/../../../../pic32mx/lib\libpic32.a(default-general-exception-handler.o)
 .mdebug.abi32  0xa00010a8        0x0 D:/MinGW/msys/1.0/home/wireb/pic32-tools/bin/../lib/gcc/pic32mx/4.5.2/../../../../pic32mx/lib\libpic32.a(default-bootstrap-exception-handler.o)
 .mdebug.abi32  0xa00010a8        0x0 D:/MinGW/msys/1.0/home/wireb/pic32-tools/bin/../lib/gcc/pic32mx/4.5.2/../../../../pic32mx/lib\libpic32.a(default-on-reset.o)
 .mdebug.abi32  0xa00010a8        0x0 D:/MinGW/msys/1.0/home/wireb/pic32-tools/bin/../lib/gcc/pic32mx/4.5.2/../../../../pic32mx/lib\libpic32.a(default-on-bootstrap.o)
 .mdebug.abi32  0xa00010a8        0x0 D:/MinGW/msys/1.0/home/wireb/pic32-tools/bin/../lib/gcc/pic32mx/4.5.2/../../../../pic32mx/lib\libpic32.a(defaultinterrupt.o)
 .mdebug.abi32  0xa00010a8        0x0 D:/MinGW/msys/1.0/home/wireb/pic32-tools/bin/../lib/gcc/pic32mx/4.5.2/../../../../pic32mx/lib\libmchp_peripheral.a(open_core_timer_lib.o)
 .mdebug.abi32  0xa00010a8        0x0 D:/MinGW/msys/1.0/home/wireb/pic32-tools/bin/../lib/gcc/pic32mx/4.5.2/../../../../pic32mx/lib\libmchp_peripheral.a(update_core_timer_lib.o)
 .mdebug.abi32  0xa00010a8        0x0 D:/MinGW/msys/1.0/home/wireb/pic32-tools/bin/../lib/gcc/pic32mx/4.5.2/../../../../pic32mx/lib\libmchp_peripheral_32MX150F128B.a(int_configure_system_lib.o)
 .mdebug.abi32  0xa00010a8        0x0 D:/MinGW/msys/1.0/home/wireb/pic32-tools/bin/../lib/gcc/pic32mx/4.5.2/../../../../pic32mx/lib\libmchp_peripheral_32MX150F128B.a(int_enable_interrupts_lib.o)
 .mdebug.abi32  0xa00010a8        0x0 D:/MinGW/msys/1.0/home/wireb/pic32-tools/bin/../lib/gcc/pic32mx/4.5.2/../../../../pic32mx/lib\libmchp_peripheral_32MX150F128B.a(int_disable_interrupts_lib.o)
 .mdebug.abi32  0xa00010a8        0x0 D:/MinGW/msys/1.0/home/wireb/pic32-tools/bin/../lib/gcc/pic32mx/4.5.2/../../../../pic32mx/lib\libmchp_peripheral_32MX150F128B.a(int_restore_interrupts_lib.o)
 .mdebug.abi32  0xa00010a8        0x0 D:/MinGW/msys/1.0/home/wireb/pic32-tools/bin/../lib/gcc/pic32mx/4.5.2/../../../../pic32mx/lib\libmchp_peripheral_32MX150F128B.a(dma_chn_open_lib.o)
 .mdebug.abi32  0xa00010a8        0x0 D:/MinGW/msys/1.0/home/wireb/pic32-tools/bin/../lib/gcc/pic32mx/4.5.2/../../../../pic32mx/lib\libmchp_peripheral_32MX150F128B.a(dma_chn_enable_lib.o)
 .mdebug.abi32  0xa00010a8        0x0 D:/MinGW/msys/1.0/home/wireb/pic32-tools/bin/../lib/gcc/pic32mx/4.5.2/../../../../pic32mx/lib\libmchp_peripheral_32MX150F128B.a(dma_chn_write_event_control_flags_lib.o)
 .mdebug.abi32  0xa00010a8        0x0 D:/MinGW/msys/1.0/home/wireb/pic32-tools/bin/../lib/gcc/pic32mx/4.5.2/../../../../pic32mx/lib\libmchp_peripheral_32MX150F128B.a(dma_chn_set_txfer_lib.o)
 .mdebug.abi32  0xa00010a8        0x0 D:/MinGW/msys/1.0/home/wireb/pic32-tools/bin/../lib/gcc/pic32mx/4.5.2/../../../../pic32mx/lib\libmchp_peripheral_32MX150F128B.a(dma_reg_map_tbl_lib.o)
 .mdebug.abi32  0xa00010a8        0x0 D:/MinGW/msys/1.0/home/wireb/pic32-tools/bin/../lib/gcc/pic32mx/4.5.2/../../../../pic32mx/lib\libmchp_peripheral_32MX150F128B.a(int_tbl_lib.o)

.mdebug.abiN32
 *(.mdebug.abiN32)

.mdebug.abi64
 *(.mdebug.abi64)

.mdebug.abiO64
 *(.mdebug.abiO64)

.mdebug.eabi32
 *(.mdebug.eabi32)

.mdebug.eabi64
 *(.mdebug.eabi64)
LOAD D:/MinGW/msys/1.0/home/wireb/pic32-tools/bin/../lib/gcc/pic32mx/4.5.2\libgcc.a
START GROUP
LOAD D:/MinGW/msys/1.0/home/wireb/pic32-tools/bin/../lib/gcc/pic32mx/4.5.2/../../../../pic32mx/lib\libc.a
LOAD D:/MinGW/msys/1.0/home/wireb/pic32-tools/bin/../lib/gcc/pic32mx/4.5.2/../../../../pic32mx/lib\libsupc++.a
LOAD D:/MinGW/msys/1.0/home/wireb/pic32-tools/bin/../lib/gcc/pic32mx/4.5.2/../../../../pic32mx/lib\libpic32.a
LOAD D:/MinGW/msys/1.0/home/wireb/pic32-tools/bin/../lib/gcc/pic32mx/4.5.2\libgcc.a
LOAD D:/MinGW/msys/1.0/home/wireb/pic32-tools/bin/../lib/gcc/pic32mx/4.5.2/../../../../pic32mx/lib\libmchp_peripheral.a
LOAD D:/MinGW/msys/1.0/home/wireb/pic32-tools/bin/../lib/gcc/pic32mx/4.5.2/../../../../pic32mx/lib\libmchp_peripheral_32MX150F128B.a
END GROUP
LOAD D:/MinGW/msys/1.0/home/wireb/pic32-tools/bin/../lib/gcc/pic32mx/4.5.2\libgcc.a
LOAD D:/MinGW/msys/1.0/home/wireb/pic32-tools/bin/../lib/gcc/pic32mx/4.5.2/../../../../pic32mx/lib\debug-exception-return.o
OUTPUT(picnc.elf elf32-tradlittlemips)
LOAD stack
LOAD data_init

._debug_exception
                0xbfc00480       0x24
 ._debug_exception
                0xbfc00480       0x24 D:/MinGW/msys/1.0/home/wireb/pic32-tools/bin/../lib/gcc/pic32mx/4.5.2/../../../../pic32mx/lib\debug-exception-return.o
                0xbfc00480                __DbgExecReturn

.dinit          0x9d0019cc       0xa0
 .dinit         0x9d0019cc       0xa0 data_init

.vector_default
                0x9d001a6c       0x30
 .vector_default
                0x9d001a6c       0x30 D:/MinGW/msys/1.0/home/wireb/pic32-tools/bin/../lib/gcc/pic32mx/4.5.2/../../../../pic32mx/lib\libpic32.a(defaultinterrupt.o)
                0x9d001a6c                _DefaultInterrupt
